Archive member included to satisfy reference by file (symbol)

app/libapp.a(main.c.obj)      (--whole-archive)
zephyr/libzephyr.a(heap.c.obj)
                              (--whole-archive)
zephyr/libzephyr.a(cbprintf_packaged.c.obj)
                              (--whole-archive)
zephyr/libzephyr.a(printk.c.obj)
                              (--whole-archive)
zephyr/libzephyr.a(sem.c.obj)
                              (--whole-archive)
zephyr/libzephyr.a(thread_entry.c.obj)
                              (--whole-archive)
zephyr/libzephyr.a(cbprintf_complete.c.obj)
                              (--whole-archive)
zephyr/libzephyr.a(assert.c.obj)
                              (--whole-archive)
zephyr/libzephyr.a(dec.c.obj)
                              (--whole-archive)
zephyr/libzephyr.a(hex.c.obj)
                              (--whole-archive)
zephyr/libzephyr.a(rb.c.obj)  (--whole-archive)
zephyr/libzephyr.a(timeutil.c.obj)
                              (--whole-archive)
zephyr/libzephyr.a(bitarray.c.obj)
                              (--whole-archive)
zephyr/libzephyr.a(onoff.c.obj)
                              (--whole-archive)
zephyr/libzephyr.a(notify.c.obj)
                              (--whole-archive)
zephyr/libzephyr.a(last_section_id.c.obj)
                              (--whole-archive)
zephyr/libzephyr.a(configs.c.obj)
                              (--whole-archive)
zephyr/libzephyr.a(thread_info.c.obj)
                              (--whole-archive)
zephyr/libzephyr.a(mem_attr.c.obj)
                              (--whole-archive)
zephyr/libzephyr.a(tracing_none.c.obj)
                              (--whole-archive)
zephyr/libzephyr.a(banner.c.obj)
                              (--whole-archive)
zephyr/libzephyr.a(flash_map_partition_manager.c.obj)
                              (--whole-archive)
zephyr/arch/common/libarch__common.a(sw_isr_common.c.obj)
                              (--whole-archive)
zephyr/arch/arch/arm/core/libarch__arm__core.a(fatal.c.obj)
                              (--whole-archive)
zephyr/arch/arch/arm/core/libarch__arm__core.a(nmi.c.obj)
                              (--whole-archive)
zephyr/arch/arch/arm/core/libarch__arm__core.a(nmi_on_reset.S.obj)
                              (--whole-archive)
zephyr/arch/arch/arm/core/libarch__arm__core.a(tls.c.obj)
                              (--whole-archive)
zephyr/arch/arch/arm/core/cortex_m/libarch__arm__core__cortex_m.a(exc_exit.c.obj)
                              (--whole-archive)
zephyr/arch/arch/arm/core/cortex_m/libarch__arm__core__cortex_m.a(fault.c.obj)
                              (--whole-archive)
zephyr/arch/arch/arm/core/cortex_m/libarch__arm__core__cortex_m.a(fault_s.S.obj)
                              (--whole-archive)
zephyr/arch/arch/arm/core/cortex_m/libarch__arm__core__cortex_m.a(fpu.c.obj)
                              (--whole-archive)
zephyr/arch/arch/arm/core/cortex_m/libarch__arm__core__cortex_m.a(reset.S.obj)
                              (--whole-archive)
zephyr/arch/arch/arm/core/cortex_m/libarch__arm__core__cortex_m.a(scb.c.obj)
                              (--whole-archive)
zephyr/arch/arch/arm/core/cortex_m/libarch__arm__core__cortex_m.a(thread_abort.c.obj)
                              (--whole-archive)
zephyr/arch/arch/arm/core/cortex_m/libarch__arm__core__cortex_m.a(vector_table.S.obj)
                              (--whole-archive)
zephyr/arch/arch/arm/core/cortex_m/libarch__arm__core__cortex_m.a(swap_helper.S.obj)
                              (--whole-archive)
zephyr/arch/arch/arm/core/cortex_m/libarch__arm__core__cortex_m.a(irq_manage.c.obj)
                              (--whole-archive)
zephyr/arch/arch/arm/core/cortex_m/libarch__arm__core__cortex_m.a(prep_c.c.obj)
                              (--whole-archive)
zephyr/arch/arch/arm/core/cortex_m/libarch__arm__core__cortex_m.a(thread.c.obj)
                              (--whole-archive)
zephyr/arch/arch/arm/core/cortex_m/libarch__arm__core__cortex_m.a(cpu_idle.c.obj)
                              (--whole-archive)
zephyr/arch/arch/arm/core/cortex_m/libarch__arm__core__cortex_m.a(irq_init.c.obj)
                              (--whole-archive)
zephyr/arch/arch/arm/core/cortex_m/libarch__arm__core__cortex_m.a(isr_wrapper.c.obj)
                              (--whole-archive)
zephyr/arch/arch/arm/core/cortex_m/libarch__arm__core__cortex_m.a(__aeabi_read_tp.S.obj)
                              (--whole-archive)
zephyr/arch/arch/arm/core/mpu/libarch__arm__core__mpu.a(arm_core_mpu.c.obj)
                              (--whole-archive)
zephyr/arch/arch/arm/core/mpu/libarch__arm__core__mpu.a(arm_mpu.c.obj)
                              (--whole-archive)
zephyr/arch/arch/arm/core/mpu/libarch__arm__core__mpu.a(arm_mpu_regions.c.obj)
                              (--whole-archive)
zephyr/lib/libc/picolibc/liblib__libc__picolibc.a(assert.c.obj)
                              (--whole-archive)
[...]
Memory Configuration

Name             Origin             Length             Attributes
FLASH            0x0000000000000000 0x0000000000080000 xr
RAM              0x0000000020000000 0x0000000000010000 xw
IDT_LIST         0x00000000ffff7fff 0x0000000000008000 xw
*default*        0x0000000000000000 0xffffffffffffffff

Linker script and memory map

                0x00000000000037f8                vfprintf = __l_vfprintf
                0x0000000000000000                vfscanf = __l_vfscanf
LOAD zephyr/CMakeFiles/zephyr_final.dir/misc/empty_file.c.obj
LOAD zephyr/CMakeFiles/zephyr_final.dir/isr_tables.c.obj
LOAD zephyr/CMakeFiles/offsets.dir/./arch/arm/core/offsets/offsets.c.obj
LOAD app/libapp.a
LOAD zephyr/libzephyr.a
LOAD zephyr/arch/common/libarch__common.a
LOAD zephyr/arch/arch/arm/core/libarch__arm__core.a
LOAD zephyr/arch/arch/arm/core/cortex_m/libarch__arm__core__cortex_m.a
LOAD zephyr/arch/arch/arm/core/mpu/libarch__arm__core__mpu.a
LOAD zephyr/lib/libc/picolibc/liblib__libc__picolibc.a
LOAD zephyr/lib/libc/common/liblib__libc__common.a
LOAD zephyr/soc/soc/nrf52832/libsoc__nordic.a
LOAD zephyr/drivers/clock_control/libdrivers__clock_control.a
LOAD zephyr/drivers/console/libdrivers__console.a
LOAD zephyr/drivers/gpio/libdrivers__gpio.a
LOAD zephyr/drivers/pinctrl/libdrivers__pinctrl.a
LOAD zephyr/drivers/serial/libdrivers__serial.a
LOAD zephyr/drivers/timer/libdrivers__timer.a
LOAD modules/hal_nordic/modules/hal_nordic/nrfx/libmodules__hal_nordic__nrfx.a
LOAD modules/segger/libmodules__segger.a
LOAD zephyr/kernel/libkernel.a
LOAD zephyr/arch/common/libisr_tables.a
LOAD c:\ncs\toolchains\0b393f9e1b\opt\zephyr-sdk\arm-zephyr-eabi\bin\../lib/gcc/../../picolibc/arm-zephyr-eabi/lib/thumb/v7e-m/nofp\libc.a
LOAD c:/ncs/toolchains/0b393f9e1b/opt/zephyr-sdk/arm-zephyr-eabi/bin/../lib/gcc/arm-zephyr-eabi/12.2.0/thumb/v7e-m/nofp\libgcc.a
                0x0000000000000020                _region_min_align = 0x20

.rel.plt        0x0000000000000000        0x0
 *(SORT_BY_ALIGNMENT(.rel.plt))
                [!provide]                        PROVIDE (__rel_iplt_start = .)
 *(SORT_BY_ALIGNMENT(.rel.iplt))
 .rel.iplt      0x0000000000000000        0x0 zephyr/CMakeFiles/zephyr_final.dir/isr_tables.c.obj
                [!provide]                        PROVIDE (__rel_iplt_end = .)

.rela.plt       0x0000000000000000        0x0
 *(SORT_BY_ALIGNMENT(.rela.plt))
                [!provide]                        PROVIDE (__rela_iplt_start = .)
 *(SORT_BY_ALIGNMENT(.rela.iplt))
                [!provide]                        PROVIDE (__rela_iplt_end = .)

.rel.dyn
 *(SORT_BY_ALIGNMENT(.rel.*))

.rela.dyn
 *(SORT_BY_ALIGNMENT(.rela.*))

/DISCARD/
 *(SORT_BY_ALIGNMENT(.plt))

/DISCARD/
 *(SORT_BY_ALIGNMENT(.iplt))
                0x0000000000000000                __rom_region_start = 0x0

rom_start       0x0000000000000000       0xdc
                0x0000000000000000                __rom_start_address = .
 FILL mask 0x00
                0x0000000000000000                . = (. + (0x0 - (. - __rom_start_address)))
                0x0000000000000000                . = ALIGN (0x4)
                0x0000000000000000                . = ALIGN (0x80)
                0x0000000000000000                . = ALIGN (0x100)
                0x0000000000000000                _vector_start = .
 *(SORT_BY_ALIGNMENT(.exc_vector_table))
 *(SORT_BY_ALIGNMENT(.exc_vector_table.*))
 .exc_vector_table._vector_table_section
                0x0000000000000000       0x40 zephyr/arch/arch/arm/core/cortex_m/libarch__arm__core__cortex_m.a(vector_table.S.obj)
                0x0000000000000000                _vector_table
 *(SORT_BY_ALIGNMENT(.vectors))
                0x00000000000000dc                _vector_end = .
                0x0000000000000040                . = ALIGN (0x4)
 *(SORT_BY_ALIGNMENT(.gnu.linkonce.irq_vector_table*))
 .gnu.linkonce.irq_vector_table
                0x0000000000000040       0x9c zephyr/CMakeFiles/zephyr_final.dir/isr_tables.c.obj
                0x0000000000000040                _irq_vector_table
                0x00000000000000dc                _vector_end = .

text            0x00000000000000dc     0x5cbc
                0x00000000000000dc                __text_region_start = .
 *(SORT_BY_ALIGNMENT(.text))
 .text          0x00000000000000dc       0x30 c:/ncs/toolchains/0b393f9e1b/opt/zephyr-sdk/arm-zephyr-eabi/bin/../lib/gcc/arm-zephyr-eabi/12.2.0/thumb/v7e-m/nofp\libgcc.a(_aeabi_uldivmod.o)
                0x00000000000000dc                __aeabi_uldivmod
 .text          0x000000000000010c        0x4 c:/ncs/toolchains/0b393f9e1b/opt/zephyr-sdk/arm-zephyr-eabi/bin/../lib/gcc/arm-zephyr-eabi/12.2.0/thumb/v7e-m/nofp\libgcc.a(_dvmd_tls.o)
                0x000000000000010c                __aeabi_idiv0
                0x000000000000010c                __aeabi_ldiv0
 .text          0x0000000000000110      0x2a0 c:/ncs/toolchains/0b393f9e1b/opt/zephyr-sdk/arm-zephyr-eabi/bin/../lib/gcc/arm-zephyr-eabi/12.2.0/thumb/v7e-m/nofp\libgcc.a(_udivmoddi4.o)
                0x0000000000000110                __udivmoddi4
 *(SORT_BY_ALIGNMENT(.text.*))
 .text.thread0  0x00000000000003b0       0x14 app/libapp.a(main.c.obj)
                0x00000000000003b0                thread0
 .text.thread1  0x00000000000003c4       0x14 app/libapp.a(main.c.obj)
                0x00000000000003c4                thread1
 .text.char_out
                0x00000000000003d8       0x10 zephyr/libzephyr.a(printk.c.obj)
 .text.__printk_hook_install
                0x00000000000003e8        0xc zephyr/libzephyr.a(printk.c.obj)
                0x00000000000003e8                __printk_hook_install
 .text.vprintk  0x00000000000003f4       0x2c zephyr/libzephyr.a(printk.c.obj)
                0x00000000000003f4                vprintk
 .text.z_thread_entry
                0x0000000000000420       0x34 zephyr/libzephyr.a(thread_entry.c.obj)
                0x0000000000000420                z_thread_entry
 .text.process_event
                0x0000000000000454      0x16c zephyr/libzephyr.a(onoff.c.obj)
 .text.mem_attr_get_regions
                0x00000000000005c0        0xc zephyr/libzephyr.a(mem_attr.c.obj)
                0x00000000000005c0                mem_attr_get_regions
 .text.boot_banner
                0x00000000000005cc       0x18 zephyr/libzephyr.a(banner.c.obj)
                0x00000000000005cc                boot_banner
 .text.z_SysNmiOnReset
                0x00000000000005e4        0x8 zephyr/arch/arch/arm/core/libarch__arm__core.a(nmi_on_reset.S.obj)
                0x00000000000005e4                z_SysNmiOnReset
 .text.z_tls_copy
                0x00000000000005ec       0x28 zephyr/arch/arch/arm/core/libarch__arm__core.a(tls.c.obj)
 .text.arch_tls_stack_setup
                0x0000000000000614       0x28 zephyr/arch/arch/arm/core/libarch__arm__core.a(tls.c.obj)
                0x0000000000000614                arch_tls_stack_setup
 .text._HandlerModeExit
                0x000000000000063c       0x28 zephyr/arch/arch/arm/core/cortex_m/libarch__arm__core__cortex_m.a(exc_exit.c.obj)
                0x000000000000063c                z_arm_int_exit
                0x000000000000063c                z_arm_exc_exit
 .text.bus_fault
                0x0000000000000664       0x8c zephyr/arch/arch/arm/core/cortex_m/libarch__arm__core__cortex_m.a(fault.c.obj)
 .text.usage_fault
                0x00000000000006f0       0x64 zephyr/arch/arch/arm/core/cortex_m/libarch__arm__core__cortex_m.a(fault.c.obj)
 .text.z_arm_is_synchronous_svc
                0x0000000000000754       0x3c zephyr/arch/arch/arm/core/cortex_m/libarch__arm__core__cortex_m.a(fault.c.obj)
 .text.mem_manage_fault
                0x0000000000000790       0xd4 zephyr/arch/arch/arm/core/cortex_m/libarch__arm__core__cortex_m.a(fault.c.obj)
 .text.hard_fault
                0x0000000000000864       0x78 zephyr/arch/arch/arm/core/cortex_m/libarch__arm__core__cortex_m.a(fault.c.obj)
 .text.z_arm_fault
                0x00000000000008dc       0xa4 zephyr/arch/arch/arm/core/cortex_m/libarch__arm__core__cortex_m.a(fault.c.obj)
                0x00000000000008dc                z_arm_fault
 .text.z_arm_fault_init
                0x0000000000000980       0x18 zephyr/arch/arch/arm/core/cortex_m/libarch__arm__core__cortex_m.a(fault.c.obj)
                0x0000000000000980                z_arm_fault_init
 .text.__fault  0x0000000000000998       0x14 zephyr/arch/arch/arm/core/cortex_m/libarch__arm__core__cortex_m.a(fault_s.S.obj)
                0x0000000000000998                z_arm_usage_fault
                0x0000000000000998                z_arm_mpu_fault
                0x0000000000000998                z_arm_exc_spurious
                0x0000000000000998                z_arm_debug_monitor
                0x0000000000000998                z_arm_hard_fault
                0x0000000000000998                z_arm_bus_fault
 .text._reset_section
                0x00000000000009ac       0x60 zephyr/arch/arch/arm/core/cortex_m/libarch__arm__core__cortex_m.a(reset.S.obj)
                0x00000000000009ac                __start
                0x00000000000009ac                z_arm_reset
 .text.z_arm_clear_arm_mpu_config
                0x0000000000000a0c       0x28 zephyr/arch/arch/arm/core/cortex_m/libarch__arm__core__cortex_m.a(scb.c.obj)
                0x0000000000000a0c                z_arm_clear_arm_mpu_config
 .text.z_arm_init_arch_hw_at_boot
                0x0000000000000a34       0x54 zephyr/arch/arch/arm/core/cortex_m/libarch__arm__core__cortex_m.a(scb.c.obj)
                0x0000000000000a34                z_arm_init_arch_hw_at_boot
 .text.z_impl_k_thread_abort
                0x0000000000000a88       0x34 zephyr/arch/arch/arm/core/cortex_m/libarch__arm__core__cortex_m.a(thread_abort.c.obj)
                0x0000000000000a88                z_impl_k_thread_abort
 .text.z_arm_pendsv
                0x0000000000000abc       0x68 zephyr/arch/arch/arm/core/cortex_m/libarch__arm__core__cortex_m.a(swap_helper.S.obj)
                0x0000000000000abc                z_arm_pendsv
 .text.z_arm_svc
                0x0000000000000b24       0x24 zephyr/arch/arch/arm/core/cortex_m/libarch__arm__core__cortex_m.a(swap_helper.S.obj)
                0x0000000000000b24                z_arm_svc
 .text.__NVIC_EnableIRQ
                0x0000000000000b48       0x1c zephyr/arch/arch/arm/core/cortex_m/libarch__arm__core__cortex_m.a(irq_manage.c.obj)
 .text.__NVIC_SetPriority
                0x0000000000000b64       0x28 zephyr/arch/arch/arm/core/cortex_m/libarch__arm__core__cortex_m.a(irq_manage.c.obj)
 .text.arch_irq_is_enabled
                0x0000000000000b8c       0x1c zephyr/arch/arch/arm/core/cortex_m/libarch__arm__core__cortex_m.a(irq_manage.c.obj)
                0x0000000000000b8c                arch_irq_is_enabled
 .text.z_prep_c
                0x0000000000000ba8       0x38 zephyr/arch/arch/arm/core/cortex_m/libarch__arm__core__cortex_m.a(prep_c.c.obj)
                0x0000000000000ba8                z_prep_c
 .text.arch_new_thread
                0x0000000000000be0       0x44 zephyr/arch/arch/arm/core/cortex_m/libarch__arm__core__cortex_m.a(thread.c.obj)
                0x0000000000000be0                arch_new_thread
 .text.z_check_thread_stack_fail
                0x0000000000000c24       0x48 zephyr/arch/arch/arm/core/cortex_m/libarch__arm__core__cortex_m.a(thread.c.obj)
                0x0000000000000c24                z_check_thread_stack_fail
 .text.arch_switch_to_main_thread
                0x0000000000000c6c       0x40 zephyr/arch/arch/arm/core/cortex_m/libarch__arm__core__cortex_m.a(thread.c.obj)
                0x0000000000000c6c                arch_switch_to_main_thread
 .text.z_arm_cpu_idle_init
                0x0000000000000cac        0xc zephyr/arch/arch/arm/core/cortex_m/libarch__arm__core__cortex_m.a(cpu_idle.c.obj)
                0x0000000000000cac                z_arm_cpu_idle_init
 .text.z_arm_interrupt_init
                0x0000000000000cb8       0x34 zephyr/arch/arch/arm/core/cortex_m/libarch__arm__core__cortex_m.a(irq_init.c.obj)
                0x0000000000000cb8                z_arm_interrupt_init
 .text._isr_wrapper
                0x0000000000000cec       0x20 zephyr/arch/arch/arm/core/cortex_m/libarch__arm__core__cortex_m.a(isr_wrapper.c.obj)
                0x0000000000000cec                _isr_wrapper
 .text.z_arm_configure_static_mpu_regions
                0x0000000000000d0c       0x1c zephyr/arch/arch/arm/core/mpu/libarch__arm__core__mpu.a(arm_core_mpu.c.obj)
                0x0000000000000d0c                z_arm_configure_static_mpu_regions
 .text.z_arm_configure_dynamic_mpu_regions
                0x0000000000000d28       0x24 zephyr/arch/arch/arm/core/mpu/libarch__arm__core__mpu.a(arm_core_mpu.c.obj)
                0x0000000000000d28                z_arm_configure_dynamic_mpu_regions
 .text.region_init
                0x0000000000000d4c       0x28 zephyr/arch/arch/arm/core/mpu/libarch__arm__core__mpu.a(arm_mpu.c.obj)
 .text.region_allocate_and_init
                0x0000000000000d74       0x28 zephyr/arch/arch/arm/core/mpu/libarch__arm__core__mpu.a(arm_mpu.c.obj)
 .text.mpu_configure_static_mpu_regions
                0x0000000000000d9c       0x14 zephyr/arch/arch/arm/core/mpu/libarch__arm__core__mpu.a(arm_mpu.c.obj)
 .text.mpu_configure_dynamic_mpu_regions
                0x0000000000000db0       0x3c zephyr/arch/arch/arm/core/mpu/libarch__arm__core__mpu.a(arm_mpu.c.obj)
 .text.arm_core_mpu_enable
                0x0000000000000dec       0x18 zephyr/arch/arch/arm/core/mpu/libarch__arm__core__mpu.a(arm_mpu.c.obj)
                0x0000000000000dec                arm_core_mpu_enable
 .text.arm_core_mpu_disable
                0x0000000000000e04       0x14 zephyr/arch/arch/arm/core/mpu/libarch__arm__core__mpu.a(arm_mpu.c.obj)
                0x0000000000000e04                arm_core_mpu_disable
 .text.z_arm_mpu_init
                0x0000000000000e18       0x80 zephyr/arch/arch/arm/core/mpu/libarch__arm__core__mpu.a(arm_mpu.c.obj)
                0x0000000000000e18                z_arm_mpu_init
 .text.z_impl_zephyr_fputc
                0x0000000000000e98       0x10 zephyr/lib/libc/picolibc/liblib__libc__picolibc.a(stdio.c.obj)
                0x0000000000000e98                z_impl_zephyr_fputc
 .text.__stdout_hook_install
                0x0000000000000ea8       0x18 zephyr/lib/libc/picolibc/liblib__libc__picolibc.a(stdio.c.obj)
                0x0000000000000ea8                __stdout_hook_install
 .text.malloc_prepare
                0x0000000000000ec0       0x24 zephyr/lib/libc/common/liblib__libc__common.a(malloc.c.obj)
 .text.nordicsemi_nrf52_init
                0x0000000000000ee4       0x18 zephyr/soc/soc/nrf52832/libsoc__nordic.a(soc.c.obj)
 .text.arch_busy_wait
                0x0000000000000efc       0x18 zephyr/soc/soc/nrf52832/libsoc__nordic.a(soc.c.obj)
                0x0000000000000efc                arch_busy_wait
 .text.get_hf_flags
                0x0000000000000f14        0x8 zephyr/drivers/clock_control/libdrivers__clock_control.a(clock_control_nrf.c.obj)
 .text.get_subsys
                0x0000000000000f1c       0x18 zephyr/drivers/clock_control/libdrivers__clock_control.a(clock_control_nrf.c.obj)
 .text.onoff_stop
                0x0000000000000f34       0x20 zephyr/drivers/clock_control/libdrivers__clock_control.a(clock_control_nrf.c.obj)
 .text.onoff_start
                0x0000000000000f54       0x34 zephyr/drivers/clock_control/libdrivers__clock_control.a(clock_control_nrf.c.obj)
 .text.clock_event_handler
                0x0000000000000f88       0x34 zephyr/drivers/clock_control/libdrivers__clock_control.a(clock_control_nrf.c.obj)
 .text.generic_hfclk_start
                0x0000000000000fbc       0x70 zephyr/drivers/clock_control/libdrivers__clock_control.a(clock_control_nrf.c.obj)
 .text.generic_hfclk_stop
                0x000000000000102c       0x34 zephyr/drivers/clock_control/libdrivers__clock_control.a(clock_control_nrf.c.obj)
 .text.lfclk_spinwait
                0x0000000000001060       0xcc zephyr/drivers/clock_control/libdrivers__clock_control.a(clock_control_nrf.c.obj)
 .text.api_blocking_start
                0x000000000000112c       0x38 zephyr/drivers/clock_control/libdrivers__clock_control.a(clock_control_nrf.c.obj)
 .text.anomaly_132_workaround
                0x0000000000001164       0x20 zephyr/drivers/clock_control/libdrivers__clock_control.a(clock_control_nrf.c.obj)
 .text.clk_init
                0x0000000000001184       0x60 zephyr/drivers/clock_control/libdrivers__clock_control.a(clock_control_nrf.c.obj)
 .text.z_nrf_clock_control_lf_on
                0x00000000000011e4       0x54 zephyr/drivers/clock_control/libdrivers__clock_control.a(clock_control_nrf.c.obj)
                0x00000000000011e4                z_nrf_clock_control_lf_on
 .text.console_out
                0x0000000000001238       0x28 zephyr/drivers/console/libdrivers__console.a(uart_console.c.obj)
 .text.uart_console_hook_install
                0x0000000000001260       0x18 zephyr/drivers/console/libdrivers__console.a(uart_console.c.obj)
 .text.uart_console_init
                0x0000000000001278       0x1c zephyr/drivers/console/libdrivers__console.a(uart_console.c.obj)
 .text.get_dev  0x0000000000001294       0x10 zephyr/drivers/gpio/libdrivers__gpio.a(gpio_nrfx.c.obj)
 .text.gpio_nrfx_pin_interrupt_configure
                0x00000000000012a4       0xf4 zephyr/drivers/gpio/libdrivers__gpio.a(gpio_nrfx.c.obj)
 .text.gpio_nrfx_pin_configure
                0x0000000000001398      0x1c0 zephyr/drivers/gpio/libdrivers__gpio.a(gpio_nrfx.c.obj)
 .text.gpio_nrfx_init
                0x0000000000001558       0x54 zephyr/drivers/gpio/libdrivers__gpio.a(gpio_nrfx.c.obj)
 .text.nrf_gpio_cfg
                0x00000000000015ac       0x44 zephyr/drivers/pinctrl/libdrivers__pinctrl.a(pinctrl_nrf.c.obj)
 .text.pinctrl_configure_pins
                0x00000000000015f0      0x21c zephyr/drivers/pinctrl/libdrivers__pinctrl.a(pinctrl_nrf.c.obj)
                0x00000000000015f0                pinctrl_configure_pins
 .text.uarte_nrfx_poll_out
                0x000000000000180c       0x68 zephyr/drivers/serial/libdrivers__serial.a(uart_nrfx_uarte.c.obj)
 .text.endtx_stoptx_ppi_init
                0x0000000000001874       0x3c zephyr/drivers/serial/libdrivers__serial.a(uart_nrfx_uarte.c.obj)
 .text.uarte_instance_init
                0x00000000000018b0       0x30 zephyr/drivers/serial/libdrivers__serial.a(uart_nrfx_uarte.c.obj)
 .text.set_comparator
                0x00000000000018e0       0x14 zephyr/drivers/timer/libdrivers__timer.a(nrf_rtc_timer.c.obj)
 .text.event_enable
                0x00000000000018f4       0x14 zephyr/drivers/timer/libdrivers__timer.a(nrf_rtc_timer.c.obj)
 .text.event_disable
                0x0000000000001908       0x14 zephyr/drivers/timer/libdrivers__timer.a(nrf_rtc_timer.c.obj)
 .text.counter  0x000000000000191c        0xc zephyr/drivers/timer/libdrivers__timer.a(nrf_rtc_timer.c.obj)
 .text.set_alarm
                0x0000000000001928       0x88 zephyr/drivers/timer/libdrivers__timer.a(nrf_rtc_timer.c.obj)
 .text.int_event_disable_rtc
                0x00000000000019b0       0x18 zephyr/drivers/timer/libdrivers__timer.a(nrf_rtc_timer.c.obj)
 .text.compare_int_lock
                0x00000000000019c8       0x4c zephyr/drivers/timer/libdrivers__timer.a(nrf_rtc_timer.c.obj)
 .text.channel_processing_check_and_clear
                0x0000000000001a14       0x60 zephyr/drivers/timer/libdrivers__timer.a(nrf_rtc_timer.c.obj)
 .text.compare_int_unlock
                0x0000000000001a74       0x60 zephyr/drivers/timer/libdrivers__timer.a(nrf_rtc_timer.c.obj)
 .text.sys_clock_timeout_handler
                0x0000000000001ad4       0x50 zephyr/drivers/timer/libdrivers__timer.a(nrf_rtc_timer.c.obj)
 .text.z_nrf_rtc_timer_read
                0x0000000000001b24       0x40 zephyr/drivers/timer/libdrivers__timer.a(nrf_rtc_timer.c.obj)
                0x0000000000001b24                z_nrf_rtc_timer_read
 .text.compare_set_nolocks
                0x0000000000001b64       0xac zephyr/drivers/timer/libdrivers__timer.a(nrf_rtc_timer.c.obj)
 .text.sys_clock_driver_init
                0x0000000000001c10       0x9c zephyr/drivers/timer/libdrivers__timer.a(nrf_rtc_timer.c.obj)
 .text.process_channel
                0x0000000000001cac       0x7c zephyr/drivers/timer/libdrivers__timer.a(nrf_rtc_timer.c.obj)
 .text.rtc_nrf_isr
                0x0000000000001d28       0x40 zephyr/drivers/timer/libdrivers__timer.a(nrf_rtc_timer.c.obj)
                0x0000000000001d28                rtc_nrf_isr
 .text.sys_clock_set_timeout
                0x0000000000001d68       0x74 zephyr/drivers/timer/libdrivers__timer.a(nrf_rtc_timer.c.obj)
                0x0000000000001d68                sys_clock_set_timeout
 .text.sys_clock_elapsed
                0x0000000000001ddc       0x14 zephyr/drivers/timer/libdrivers__timer.a(nrf_rtc_timer.c.obj)
                0x0000000000001ddc                sys_clock_elapsed
 .text.__NVIC_SystemReset
                0x0000000000001df0       0x24 modules/hal_nordic/modules/hal_nordic/nrfx/libmodules__hal_nordic__nrfx.a(system_nrf52.c.obj)
 .text.nvmc_wait
                0x0000000000001e14       0x10 modules/hal_nordic/modules/hal_nordic/nrfx/libmodules__hal_nordic__nrfx.a(system_nrf52.c.obj)
                0x0000000000001e14                nvmc_wait
 .text.nvmc_config
                0x0000000000001e24       0x14 modules/hal_nordic/modules/hal_nordic/nrfx/libmodules__hal_nordic__nrfx.a(system_nrf52.c.obj)
                0x0000000000001e24                nvmc_config
 .text.SystemInit
                0x0000000000001e38      0x1e0 modules/hal_nordic/modules/hal_nordic/nrfx/libmodules__hal_nordic__nrfx.a(system_nrf52.c.obj)
                0x0000000000001e38                SystemInit
 .text.nrfx_flag32_alloc
                0x0000000000002018       0x48 modules/hal_nordic/modules/hal_nordic/nrfx/libmodules__hal_nordic__nrfx.a(nrfx_flag32_allocator.c.obj)
                0x0000000000002018                nrfx_flag32_alloc
 .text.nrfx_flag32_free
                0x0000000000002060       0x44 modules/hal_nordic/modules/hal_nordic/nrfx/libmodules__hal_nordic__nrfx.a(nrfx_flag32_allocator.c.obj)
                0x0000000000002060                nrfx_flag32_free
 .text.nrfx_gppi_channels_enable
                0x00000000000020a4        0xc modules/hal_nordic/modules/hal_nordic/nrfx/libmodules__hal_nordic__nrfx.a(nrfx_gppi_ppi.c.obj)
                0x00000000000020a4                nrfx_gppi_channels_enable
 .text.nrfx_gppi_channel_endpoints_setup
                0x00000000000020b0       0x14 modules/hal_nordic/modules/hal_nordic/nrfx/libmodules__hal_nordic__nrfx.a(nrfx_gppi_ppi.c.obj)
                0x00000000000020b0                nrfx_gppi_channel_endpoints_setup
 .text.nrfx_clock_anomaly_132
                0x00000000000020c4       0x40 modules/hal_nordic/modules/hal_nordic/nrfx/libmodules__hal_nordic__nrfx.a(nrfx_clock.c.obj)
 .text.clock_stop
                0x0000000000002104       0x84 modules/hal_nordic/modules/hal_nordic/nrfx/libmodules__hal_nordic__nrfx.a(nrfx_clock.c.obj)
 .text.nrfx_clock_init
                0x0000000000002188       0x28 modules/hal_nordic/modules/hal_nordic/nrfx/libmodules__hal_nordic__nrfx.a(nrfx_clock.c.obj)
                0x0000000000002188                nrfx_clock_init
 .text.nrfx_clock_enable
                0x00000000000021b0       0x20 modules/hal_nordic/modules/hal_nordic/nrfx/libmodules__hal_nordic__nrfx.a(nrfx_clock.c.obj)
                0x00000000000021b0                nrfx_clock_enable
 .text.nrfx_clock_start
                0x00000000000021d0       0xe4 modules/hal_nordic/modules/hal_nordic/nrfx/libmodules__hal_nordic__nrfx.a(nrfx_clock.c.obj)
                0x00000000000021d0                nrfx_clock_start
 .text.nrfx_power_clock_irq_handler
                0x00000000000022b4       0x88 modules/hal_nordic/modules/hal_nordic/nrfx/libmodules__hal_nordic__nrfx.a(nrfx_clock.c.obj)
                0x00000000000022b4                nrfx_power_clock_irq_handler
 .text.nrf_gpio_cfg_default
                0x000000000000233c       0x2c modules/hal_nordic/modules/hal_nordic/nrfx/libmodules__hal_nordic__nrfx.a(nrfx_gpiote.c.obj)
 .text.get_cb   0x0000000000002368        0x8 modules/hal_nordic/modules/hal_nordic/nrfx/libmodules__hal_nordic__nrfx.a(nrfx_gpiote.c.obj)
 .text.gpiote_output_configure
                0x0000000000002370       0xf8 modules/hal_nordic/modules/hal_nordic/nrfx/libmodules__hal_nordic__nrfx.a(nrfx_gpiote.c.obj)
 .text.gpiote_channel_get
                0x0000000000002468       0x38 modules/hal_nordic/modules/hal_nordic/nrfx/libmodules__hal_nordic__nrfx.a(nrfx_gpiote.c.obj)
 .text.pin_handler_set
                0x00000000000024a0       0x88 modules/hal_nordic/modules/hal_nordic/nrfx/libmodules__hal_nordic__nrfx.a(nrfx_gpiote.c.obj)
 .text.gpiote_input_configure
                0x0000000000002528      0x16c modules/hal_nordic/modules/hal_nordic/nrfx/libmodules__hal_nordic__nrfx.a(nrfx_gpiote.c.obj)
 .text.pin_uninit
                0x0000000000002694       0x34 modules/hal_nordic/modules/hal_nordic/nrfx/libmodules__hal_nordic__nrfx.a(nrfx_gpiote.c.obj)
 .text.gpiote_init
                0x00000000000026c8       0x4c modules/hal_nordic/modules/hal_nordic/nrfx/libmodules__hal_nordic__nrfx.a(nrfx_gpiote.c.obj)
 .text.nrfx_gpiote_0_irq_handler
                0x0000000000002714       0x14 modules/hal_nordic/modules/hal_nordic/nrfx/libmodules__hal_nordic__nrfx.a(nrfx_gpiote.c.obj)
                0x0000000000002714                nrfx_gpiote_0_irq_handler
 .text.nrfx_ppi_channel_alloc
                0x0000000000002728       0x10 modules/hal_nordic/modules/hal_nordic/nrfx/libmodules__hal_nordic__nrfx.a(nrfx_ppi.c.obj)
                0x0000000000002728                nrfx_ppi_channel_alloc
 .text._DoInit  0x0000000000002738       0x6c modules/segger/libmodules__segger.a(SEGGER_RTT.c.obj)
 .text.SEGGER_RTT_StrongCheckInit
                0x00000000000027a4       0x40 modules/segger/libmodules__segger.a(SEGGER_RTT.c.obj)
 .text.z_device_state_init
                0x00000000000027e4       0x18 zephyr/kernel/libkernel.a(device.c.obj)
                0x00000000000027e4                z_device_state_init
 .text.z_fatal_error
                0x00000000000027fc       0x2c zephyr/kernel/libkernel.a(fatal.c.obj)
                0x00000000000027fc                z_fatal_error
 .text.z_sys_init_run_level
                0x0000000000002828       0x34 zephyr/kernel/libkernel.a(init.c.obj)
 .text.init_idle_thread
                0x000000000000285c       0x60 zephyr/kernel/libkernel.a(init.c.obj)
 .text.thread_schedule_new
                0x00000000000028bc       0x1c zephyr/kernel/libkernel.a(init.c.obj)
 .text.z_init_static_threads
                0x00000000000028d8       0x70 zephyr/kernel/libkernel.a(init.c.obj)
 .text.bg_thread_main
                0x0000000000002948       0x38 zephyr/kernel/libkernel.a(init.c.obj)
 .text.switch_to_main_thread
                0x0000000000002980       0x14 zephyr/kernel/libkernel.a(init.c.obj)
 .text.z_bss_zero
                0x0000000000002994       0x18 zephyr/kernel/libkernel.a(init.c.obj)
                0x0000000000002994                z_bss_zero
 .text.z_init_cpu
                0x00000000000029ac       0x44 zephyr/kernel/libkernel.a(init.c.obj)
                0x00000000000029ac                z_init_cpu
 .text.prepare_multithreading
                0x00000000000029f0       0x60 zephyr/kernel/libkernel.a(init.c.obj)
 .text.z_cstart
                0x0000000000002a50       0x90 zephyr/kernel/libkernel.a(init.c.obj)
                0x0000000000002a50                z_cstart
 .text.z_impl_k_sem_give
                0x0000000000002ae0       0x88 zephyr/kernel/libkernel.a(sem.c.obj)
                0x0000000000002ae0                z_impl_k_sem_give
 .text.z_impl_k_sem_take
                0x0000000000002b68       0x50 zephyr/kernel/libkernel.a(sem.c.obj)
                0x0000000000002b68                z_impl_k_sem_take
 .text.z_setup_new_thread
                0x0000000000002bb8       0xc4 zephyr/kernel/libkernel.a(thread.c.obj)
                0x0000000000002bb8                z_setup_new_thread
 .text.z_swap_irqlock
                0x0000000000002c7c       0x34 zephyr/kernel/libkernel.a(sched.c.obj)
 .text.ready_thread
                0x0000000000002cb0       0xbc zephyr/kernel/libkernel.a(sched.c.obj)
 .text.unready_thread
                0x0000000000002d6c       0x68 zephyr/kernel/libkernel.a(sched.c.obj)
 .text.thread_halt_spin
                0x0000000000002dd4      0x128 zephyr/kernel/libkernel.a(sched.c.obj)
 .text.add_thread_timeout
                0x0000000000002efc       0x20 zephyr/kernel/libkernel.a(sched.c.obj)
 .text.move_thread_to_end_of_prio_q
                0x0000000000002f1c       0xc8 zephyr/kernel/libkernel.a(sched.c.obj)
                0x0000000000002f1c                move_thread_to_end_of_prio_q
 .text.z_pend_curr
                0x0000000000002fe4       0x38 zephyr/kernel/libkernel.a(sched.c.obj)
                0x0000000000002fe4                z_pend_curr
 .text.z_reschedule
                0x000000000000301c       0x2c zephyr/kernel/libkernel.a(sched.c.obj)
                0x000000000000301c                z_reschedule
 .text.z_reschedule_irqlock
                0x0000000000003048       0x2c zephyr/kernel/libkernel.a(sched.c.obj)
                0x0000000000003048                z_reschedule_irqlock
 .text.k_sched_lock
                0x0000000000003074       0x30 zephyr/kernel/libkernel.a(sched.c.obj)
                0x0000000000003074                k_sched_lock
 .text.k_sched_unlock
                0x00000000000030a4       0x70 zephyr/kernel/libkernel.a(sched.c.obj)
                0x00000000000030a4                k_sched_unlock
 .text.z_sched_init
                0x0000000000003114       0x10 zephyr/kernel/libkernel.a(sched.c.obj)
                0x0000000000003114                z_sched_init
 .text.z_impl_k_yield
                0x0000000000003124       0xa0 zephyr/kernel/libkernel.a(sched.c.obj)
                0x0000000000003124                z_impl_k_yield
 .text.z_tick_sleep
                0x00000000000031c4       0x90 zephyr/kernel/libkernel.a(sched.c.obj)
 .text.z_impl_k_wakeup
                0x0000000000003254       0x54 zephyr/kernel/libkernel.a(sched.c.obj)
                0x0000000000003254                z_impl_k_wakeup
 .text.z_impl_k_sched_current_thread_query
                0x00000000000032a8        0xc zephyr/kernel/libkernel.a(sched.c.obj)
                0x00000000000032a8                z_impl_k_sched_current_thread_query
 .text.z_thread_abort
                0x00000000000032b4      0x154 zephyr/kernel/libkernel.a(sched.c.obj)
                0x00000000000032b4                z_thread_abort
 .text.slice_timeout
                0x0000000000003408       0x20 zephyr/kernel/libkernel.a(timeslicing.c.obj)
 .text.thread_is_sliceable
                0x0000000000003428       0x4c zephyr/kernel/libkernel.a(timeslicing.c.obj)
                0x0000000000003428                thread_is_sliceable
 .text.z_reset_time_slice
                0x0000000000003474       0x50 zephyr/kernel/libkernel.a(timeslicing.c.obj)
                0x0000000000003474                z_reset_time_slice
 .text.z_time_slice
                0x00000000000034c4       0x70 zephyr/kernel/libkernel.a(timeslicing.c.obj)
                0x00000000000034c4                z_time_slice
 .text.z_thread_monitor_exit
                0x0000000000003534       0x3c zephyr/kernel/libkernel.a(thread_monitor.c.obj)
                0x0000000000003534                z_thread_monitor_exit
 .text.z_data_copy
                0x0000000000003570       0x34 zephyr/kernel/libkernel.a(xip.c.obj)
                0x0000000000003570                z_data_copy
 .text.first    0x00000000000035a4       0x14 zephyr/kernel/libkernel.a(timeout.c.obj)
 .text.next     0x00000000000035b8       0x18 zephyr/kernel/libkernel.a(timeout.c.obj)
 .text.elapsed  0x00000000000035d0       0x18 zephyr/kernel/libkernel.a(timeout.c.obj)
 .text.z_add_timeout
                0x00000000000035e8      0x10c zephyr/kernel/libkernel.a(timeout.c.obj)
                0x00000000000035e8                z_add_timeout
 .text.sys_clock_announce
                0x00000000000036f4       0xc4 zephyr/kernel/libkernel.a(timeout.c.obj)
                0x00000000000036f4                sys_clock_announce
 .text.sys_clock_tick_get
                0x00000000000037b8       0x40 zephyr/kernel/libkernel.a(timeout.c.obj)
                0x00000000000037b8                sys_clock_tick_get
 .text.__l_vfprintf
                0x00000000000037f8      0x4b8 c:\ncs\toolchains\0b393f9e1b\opt\zephyr-sdk\arm-zephyr-eabi\bin\../lib/gcc/../../picolibc/arm-zephyr-eabi/lib/thumb/v7e-m/nofp\libc.a(libc_tinystdio_vflprintf.c.o)
                0x00000000000037f8                __l_vfprintf
 .text._OffsetAbsSyms
                0x0000000000003cb0        0x2 zephyr/CMakeFiles/offsets.dir/./arch/arm/core/offsets/offsets.c.obj
                0x0000000000003cb0                _OffsetAbsSyms
 .text.k_msleep
                0x0000000000003cb2       0x2c app/libapp.a(main.c.obj)
 .text.set_chunk_used
                0x0000000000003cde       0x38 zephyr/libzephyr.a(heap.c.obj)
 .text.free_list_add_bidx
                0x0000000000003d16       0xa4 zephyr/libzephyr.a(heap.c.obj)
 .text.free_list_add
                0x0000000000003dba       0x52 zephyr/libzephyr.a(heap.c.obj)
 .text.sys_heap_init
                0x0000000000003e0c       0xfc zephyr/libzephyr.a(heap.c.obj)
                0x0000000000003e0c                sys_heap_init
 .text.arch_printk_char_out
                0x0000000000003f08        0x4 zephyr/libzephyr.a(printk.c.obj)
                0x0000000000003f08                arch_printk_char_out
 .text.printk   0x0000000000003f0c       0x1c zephyr/libzephyr.a(printk.c.obj)
                0x0000000000003f0c                printk
 .text.set_state
                0x0000000000003f28       0x10 zephyr/libzephyr.a(onoff.c.obj)
 .text.notify_monitors
                0x0000000000003f38       0x44 zephyr/libzephyr.a(onoff.c.obj)
 .text.process_recheck
                0x0000000000003f7c       0x32 zephyr/libzephyr.a(onoff.c.obj)
 .text.process_complete
                0x0000000000003fae       0xa2 zephyr/libzephyr.a(onoff.c.obj)
 .text.validate_args
                0x0000000000004050       0x2a zephyr/libzephyr.a(onoff.c.obj)
 .text.notify_one
                0x000000000000407a       0x26 zephyr/libzephyr.a(onoff.c.obj)
 .text.notify_all
                0x00000000000040a0       0x2e zephyr/libzephyr.a(onoff.c.obj)
 .text.transition_complete
                0x00000000000040ce       0x1c zephyr/libzephyr.a(onoff.c.obj)
 .text.onoff_manager_init
                0x00000000000040ea       0x3a zephyr/libzephyr.a(onoff.c.obj)
                0x00000000000040ea                onoff_manager_init
 .text.onoff_request
                0x0000000000004124       0xbe zephyr/libzephyr.a(onoff.c.obj)
                0x0000000000004124                onoff_request
 .text.sys_notify_validate
                0x00000000000041e2       0x2e zephyr/libzephyr.a(notify.c.obj)
                0x00000000000041e2                sys_notify_validate
 .text.sys_notify_finalize
                0x0000000000004210       0x1a zephyr/libzephyr.a(notify.c.obj)
                0x0000000000004210                sys_notify_finalize
 .text._ConfigAbsSyms
                0x000000000000422a        0x2 zephyr/libzephyr.a(configs.c.obj)
                0x000000000000422a                _ConfigAbsSyms
 .text.z_arm_fatal_error
                0x000000000000422c       0x12 zephyr/arch/arch/arm/core/libarch__arm__core.a(fatal.c.obj)
                0x000000000000422c                z_arm_fatal_error
 .text.z_do_kernel_oops
                0x000000000000423e        0xc zephyr/arch/arch/arm/core/libarch__arm__core.a(fatal.c.obj)
                0x000000000000423e                z_do_kernel_oops
 .text.z_arm_nmi
                0x000000000000424a        0xc zephyr/arch/arch/arm/core/libarch__arm__core.a(nmi.c.obj)
                0x000000000000424a                z_arm_nmi
 .text.memory_fault_recoverable
                0x0000000000004256        0x4 zephyr/arch/arch/arm/core/cortex_m/libarch__arm__core__cortex_m.a(fault.c.obj)
 .text.debug_monitor
                0x000000000000425a        0x6 zephyr/arch/arch/arm/core/cortex_m/libarch__arm__core__cortex_m.a(fault.c.obj)
 .text.fault_handle
                0x0000000000004260       0x46 zephyr/arch/arch/arm/core/cortex_m/libarch__arm__core__cortex_m.a(fault.c.obj)
 .text.arch_irq_enable
                0x00000000000042a6        0xa zephyr/arch/arch/arm/core/cortex_m/libarch__arm__core__cortex_m.a(irq_manage.c.obj)
                0x00000000000042a6                arch_irq_enable
 .text.z_arm_irq_priority_set
                0x00000000000042b0        0xc zephyr/arch/arch/arm/core/cortex_m/libarch__arm__core__cortex_m.a(irq_manage.c.obj)
                0x00000000000042b0                z_arm_irq_priority_set
 .text.z_irq_spurious
                0x00000000000042bc        0xc zephyr/arch/arch/arm/core/cortex_m/libarch__arm__core__cortex_m.a(irq_manage.c.obj)
                0x00000000000042bc                z_irq_spurious
 .text.arch_irq_unlock_outlined
                0x00000000000042c8        0xe zephyr/arch/arch/arm/core/cortex_m/libarch__arm__core__cortex_m.a(thread.c.obj)
                0x00000000000042c8                arch_irq_unlock_outlined
 .text.arch_cpu_idle
                0x00000000000042d6       0x1a zephyr/arch/arch/arm/core/cortex_m/libarch__arm__core__cortex_m.a(cpu_idle.c.obj)
                0x00000000000042d6                arch_cpu_idle
 .text.arch_cpu_atomic_idle
                0x00000000000042f0       0x1e zephyr/arch/arch/arm/core/cortex_m/libarch__arm__core__cortex_m.a(cpu_idle.c.obj)
                0x00000000000042f0                arch_cpu_atomic_idle
 .text.mpu_partition_is_valid
                0x000000000000430e       0x22 zephyr/arch/arch/arm/core/mpu/libarch__arm__core__mpu.a(arm_mpu.c.obj)
 .text.mpu_configure_region
                0x0000000000004330       0x3e zephyr/arch/arch/arm/core/mpu/libarch__arm__core__mpu.a(arm_mpu.c.obj)
 .text.mpu_configure_regions
                0x000000000000436e       0x50 zephyr/arch/arch/arm/core/mpu/libarch__arm__core__mpu.a(arm_mpu.c.obj)
 .text.mpu_configure_regions_from_dt
                0x00000000000043be      0x1b0 zephyr/arch/arch/arm/core/mpu/libarch__arm__core__mpu.a(arm_mpu.c.obj)
 .text.arm_core_mpu_configure_static_mpu_regions
                0x000000000000456e        0x8 zephyr/arch/arch/arm/core/mpu/libarch__arm__core__mpu.a(arm_mpu.c.obj)
                0x000000000000456e                arm_core_mpu_configure_static_mpu_regions
 .text.arm_core_mpu_configure_dynamic_mpu_regions
                0x0000000000004576        0x8 zephyr/arch/arch/arm/core/mpu/libarch__arm__core__mpu.a(arm_mpu.c.obj)
                0x0000000000004576                arm_core_mpu_configure_dynamic_mpu_regions
 .text.picolibc_put
                0x000000000000457e        0xa zephyr/lib/libc/picolibc/liblib__libc__picolibc.a(stdio.c.obj)
 .text.nrf_clock_is_running
                0x0000000000004588       0x38 zephyr/drivers/clock_control/libdrivers__clock_control.a(clock_control_nrf.c.obj)
 .text.get_sub_data
                0x00000000000045c0        0xe zephyr/drivers/clock_control/libdrivers__clock_control.a(clock_control_nrf.c.obj)
 .text.get_sub_config
                0x00000000000045ce        0x8 zephyr/drivers/clock_control/libdrivers__clock_control.a(clock_control_nrf.c.obj)
 .text.get_onoff_manager
                0x00000000000045d6        0xc zephyr/drivers/clock_control/libdrivers__clock_control.a(clock_control_nrf.c.obj)
 .text.get_status
                0x00000000000045e2       0x10 zephyr/drivers/clock_control/libdrivers__clock_control.a(clock_control_nrf.c.obj)
 .text.set_off_state
                0x00000000000045f2       0x30 zephyr/drivers/clock_control/libdrivers__clock_control.a(clock_control_nrf.c.obj)
 .text.set_starting_state
                0x0000000000004622       0x3a zephyr/drivers/clock_control/libdrivers__clock_control.a(clock_control_nrf.c.obj)
 .text.set_on_state
                0x000000000000465c       0x24 zephyr/drivers/clock_control/libdrivers__clock_control.a(clock_control_nrf.c.obj)
 .text.clkstarted_handle
                0x0000000000004680       0x24 zephyr/drivers/clock_control/libdrivers__clock_control.a(clock_control_nrf.c.obj)
 .text.stop     0x00000000000046a4       0x2a zephyr/drivers/clock_control/libdrivers__clock_control.a(clock_control_nrf.c.obj)
 .text.api_stop
                0x00000000000046ce        0xa zephyr/drivers/clock_control/libdrivers__clock_control.a(clock_control_nrf.c.obj)
 .text.async_start
                0x00000000000046d8       0x38 zephyr/drivers/clock_control/libdrivers__clock_control.a(clock_control_nrf.c.obj)
 .text.api_start
                0x0000000000004710       0x10 zephyr/drivers/clock_control/libdrivers__clock_control.a(clock_control_nrf.c.obj)
 .text.onoff_started_callback
                0x0000000000004720       0x10 zephyr/drivers/clock_control/libdrivers__clock_control.a(clock_control_nrf.c.obj)
 .text.hfclk_start
                0x0000000000004730        0xa zephyr/drivers/clock_control/libdrivers__clock_control.a(clock_control_nrf.c.obj)
 .text.hfclk_stop
                0x000000000000473a        0xa zephyr/drivers/clock_control/libdrivers__clock_control.a(clock_control_nrf.c.obj)
 .text.lfclk_stop
                0x0000000000004744        0xa zephyr/drivers/clock_control/libdrivers__clock_control.a(clock_control_nrf.c.obj)
 .text.k_msleep
                0x000000000000474e       0x2c zephyr/drivers/clock_control/libdrivers__clock_control.a(clock_control_nrf.c.obj)
 .text.blocking_start_callback
                0x000000000000477a        0xa zephyr/drivers/clock_control/libdrivers__clock_control.a(clock_control_nrf.c.obj)
 .text.lfclk_start
                0x0000000000004784        0xe zephyr/drivers/clock_control/libdrivers__clock_control.a(clock_control_nrf.c.obj)
 .text.sys_slist_remove
                0x0000000000004792       0x26 zephyr/drivers/gpio/libdrivers__gpio.a(gpio_nrfx.c.obj)
 .text.sys_slist_find_and_remove
                0x00000000000047b8       0x20 zephyr/drivers/gpio/libdrivers__gpio.a(gpio_nrfx.c.obj)
 .text.nrf_gpio_reconfigure
                0x00000000000047d8       0x9e zephyr/drivers/gpio/libdrivers__gpio.a(gpio_nrfx.c.obj)
 .text.gpio_manage_callback
                0x0000000000004876       0x3e zephyr/drivers/gpio/libdrivers__gpio.a(gpio_nrfx.c.obj)
 .text.gpio_fire_callbacks
                0x00000000000048b4       0x40 zephyr/drivers/gpio/libdrivers__gpio.a(gpio_nrfx.c.obj)
 .text.has_gpiote
                0x00000000000048f4        0xa zephyr/drivers/gpio/libdrivers__gpio.a(gpio_nrfx.c.obj)
 .text.get_pull
                0x00000000000048fe       0x18 zephyr/drivers/gpio/libdrivers__gpio.a(gpio_nrfx.c.obj)
 .text.gpio_nrfx_gpd_retain_set
                0x0000000000004916        0x4 zephyr/drivers/gpio/libdrivers__gpio.a(gpio_nrfx.c.obj)
 .text.gpio_nrfx_gpd_retain_clear
                0x000000000000491a        0x4 zephyr/drivers/gpio/libdrivers__gpio.a(gpio_nrfx.c.obj)
 .text.gpio_nrfx_port_get_raw
                0x000000000000491e        0xe zephyr/drivers/gpio/libdrivers__gpio.a(gpio_nrfx.c.obj)
 .text.gpio_nrfx_port_set_masked_raw
                0x000000000000492c       0x34 zephyr/drivers/gpio/libdrivers__gpio.a(gpio_nrfx.c.obj)
 .text.gpio_nrfx_port_set_bits_raw
                0x0000000000004960       0x24 zephyr/drivers/gpio/libdrivers__gpio.a(gpio_nrfx.c.obj)
 .text.gpio_nrfx_port_clear_bits_raw
                0x0000000000004984       0x24 zephyr/drivers/gpio/libdrivers__gpio.a(gpio_nrfx.c.obj)
 .text.gpio_nrfx_port_toggle_bits
                0x00000000000049a8       0x36 zephyr/drivers/gpio/libdrivers__gpio.a(gpio_nrfx.c.obj)
 .text.get_trigger
                0x00000000000049de       0x2c zephyr/drivers/gpio/libdrivers__gpio.a(gpio_nrfx.c.obj)
 .text.gpio_nrfx_manage_callback
                0x0000000000004a0a        0xc zephyr/drivers/gpio/libdrivers__gpio.a(gpio_nrfx.c.obj)
 .text.nrfx_gpio_handler
                0x0000000000004a16       0x1e zephyr/drivers/gpio/libdrivers__gpio.a(gpio_nrfx.c.obj)
 .text.pinctrl_lookup_state
                0x0000000000004a34       0x32 zephyr/drivers/pinctrl/libdrivers__pinctrl.a(common.c.obj)
                0x0000000000004a34                pinctrl_lookup_state
 .text.nrf_gpio_pin_write
                0x0000000000004a66       0x36 zephyr/drivers/pinctrl/libdrivers__pinctrl.a(pinctrl_nrf.c.obj)
 .text.pm_device_driver_init
                0x0000000000004a9c       0x24 zephyr/drivers/serial/libdrivers__serial.a(uart_nrfx_uarte.c.obj)
 .text.endtx_isr
                0x0000000000004ac0       0x30 zephyr/drivers/serial/libdrivers__serial.a(uart_nrfx_uarte.c.obj)
 .text.uarte_nrfx_isr_int
                0x0000000000004af0       0x22 zephyr/drivers/serial/libdrivers__serial.a(uart_nrfx_uarte.c.obj)
 .text.uarte_nrfx_err_check
                0x0000000000004b12        0xe zephyr/drivers/serial/libdrivers__serial.a(uart_nrfx_uarte.c.obj)
 .text.is_tx_ready
                0x0000000000004b20       0x28 zephyr/drivers/serial/libdrivers__serial.a(uart_nrfx_uarte.c.obj)
 .text.uarte_periph_enable
                0x0000000000004b48       0x26 zephyr/drivers/serial/libdrivers__serial.a(uart_nrfx_uarte.c.obj)
 .text.tx_start
                0x0000000000004b6e       0x24 zephyr/drivers/serial/libdrivers__serial.a(uart_nrfx_uarte.c.obj)
 .text.uarte_nrfx_poll_in
                0x0000000000004b92       0x26 zephyr/drivers/serial/libdrivers__serial.a(uart_nrfx_uarte.c.obj)
 .text.k_msleep
                0x0000000000004bb8       0x2c zephyr/drivers/serial/libdrivers__serial.a(uart_nrfx_uarte.c.obj)
 .text.wait_tx_ready
                0x0000000000004be4       0x4a zephyr/drivers/serial/libdrivers__serial.a(uart_nrfx_uarte.c.obj)
 .text.pinctrl_apply_state
                0x0000000000004c2e       0x20 zephyr/drivers/serial/libdrivers__serial.a(uart_nrfx_uarte.c.obj)
 .text.uarte_pm_resume
                0x0000000000004c4e       0x16 zephyr/drivers/serial/libdrivers__serial.a(uart_nrfx_uarte.c.obj)
 .text.uarte_nrfx_pm_action
                0x0000000000004c64       0x14 zephyr/drivers/serial/libdrivers__serial.a(uart_nrfx_uarte.c.obj)
 .text.uarte_tx_path_init
                0x0000000000004c78       0x66 zephyr/drivers/serial/libdrivers__serial.a(uart_nrfx_uarte.c.obj)
 .text.uarte_0_init
                0x0000000000004cde       0x1e zephyr/drivers/serial/libdrivers__serial.a(uart_nrfx_uarte.c.obj)
 .text.__nrfy_internal_rtc_event_handle
                0x0000000000004cfc       0x3a zephyr/drivers/timer/libdrivers__timer.a(nrf_rtc_timer.c.obj)
 .text.__nrfy_internal_rtc_events_process
                0x0000000000004d36       0x6c zephyr/drivers/timer/libdrivers__timer.a(nrf_rtc_timer.c.obj)
 .text.counter_sub
                0x0000000000004da2        0x8 zephyr/drivers/timer/libdrivers__timer.a(nrf_rtc_timer.c.obj)
 .text.event_check
                0x0000000000004daa       0x1a zephyr/drivers/timer/libdrivers__timer.a(nrf_rtc_timer.c.obj)
 .text.event_clear
                0x0000000000004dc4       0x18 zephyr/drivers/timer/libdrivers__timer.a(nrf_rtc_timer.c.obj)
 .text.absolute_time_to_cc
                0x0000000000004ddc        0x6 zephyr/drivers/timer/libdrivers__timer.a(nrf_rtc_timer.c.obj)
 .text.full_int_lock
                0x0000000000004de2       0x10 zephyr/drivers/timer/libdrivers__timer.a(nrf_rtc_timer.c.obj)
 .text.full_int_unlock
                0x0000000000004df2        0xa zephyr/drivers/timer/libdrivers__timer.a(nrf_rtc_timer.c.obj)
 .text.compare_set
                0x0000000000004dfc       0x38 zephyr/drivers/timer/libdrivers__timer.a(nrf_rtc_timer.c.obj)
 .text.nrf52_errata_12
                0x0000000000004e34       0x24 modules/hal_nordic/modules/hal_nordic/nrfx/libmodules__hal_nordic__nrfx.a(system_nrf52.c.obj)
 .text.nrf52_errata_16
                0x0000000000004e58       0x2c modules/hal_nordic/modules/hal_nordic/nrfx/libmodules__hal_nordic__nrfx.a(system_nrf52.c.obj)
 .text.nrf52_errata_31
                0x0000000000004e84       0x24 modules/hal_nordic/modules/hal_nordic/nrfx/libmodules__hal_nordic__nrfx.a(system_nrf52.c.obj)
 .text.nrf52_errata_32
                0x0000000000004ea8       0x2c modules/hal_nordic/modules/hal_nordic/nrfx/libmodules__hal_nordic__nrfx.a(system_nrf52.c.obj)
 .text.nrf52_errata_36
                0x0000000000004ed4       0x24 modules/hal_nordic/modules/hal_nordic/nrfx/libmodules__hal_nordic__nrfx.a(system_nrf52.c.obj)
 .text.nrf52_errata_37
                0x0000000000004ef8       0x2c modules/hal_nordic/modules/hal_nordic/nrfx/libmodules__hal_nordic__nrfx.a(system_nrf52.c.obj)
 .text.nrf52_errata_57
                0x0000000000004f24       0x2c modules/hal_nordic/modules/hal_nordic/nrfx/libmodules__hal_nordic__nrfx.a(system_nrf52.c.obj)
 .text.nrf52_errata_66
                0x0000000000004f50       0x44 modules/hal_nordic/modules/hal_nordic/nrfx/libmodules__hal_nordic__nrfx.a(system_nrf52.c.obj)
 .text.nrf52_errata_108
                0x0000000000004f94       0x24 modules/hal_nordic/modules/hal_nordic/nrfx/libmodules__hal_nordic__nrfx.a(system_nrf52.c.obj)
 .text.nrf52_errata_136
                0x0000000000004fb8       0x24 modules/hal_nordic/modules/hal_nordic/nrfx/libmodules__hal_nordic__nrfx.a(system_nrf52.c.obj)
 .text.nrf52_errata_182
                0x0000000000004fdc       0x28 modules/hal_nordic/modules/hal_nordic/nrfx/libmodules__hal_nordic__nrfx.a(system_nrf52.c.obj)
 .text.nrf52_configuration_249
                0x0000000000005004       0x28 modules/hal_nordic/modules/hal_nordic/nrfx/libmodules__hal_nordic__nrfx.a(system_nrf52.c.obj)
 .text.nrf52_handle_approtect
                0x000000000000502c       0x1a modules/hal_nordic/modules/hal_nordic/nrfx/libmodules__hal_nordic__nrfx.a(system_nrf52.c.obj)
 .text.nrfx_isr
                0x0000000000005046        0x6 modules/hal_nordic/modules/hal_nordic/nrfx/libmodules__hal_nordic__nrfx.a(nrfx_glue.c.obj)
                0x0000000000005046                nrfx_isr
 .text.nrfx_busy_wait
                0x000000000000504c        0x8 modules/hal_nordic/modules/hal_nordic/nrfx/libmodules__hal_nordic__nrfx.a(nrfx_glue.c.obj)
                0x000000000000504c                nrfx_busy_wait
 .text.nrfx_gppi_channel_alloc
                0x0000000000005054        0x8 modules/hal_nordic/modules/hal_nordic/nrfx/libmodules__hal_nordic__nrfx.a(nrfx_gppi_ppi.c.obj)
                0x0000000000005054                nrfx_gppi_channel_alloc
 .text.nrf_clock_is_running
                0x000000000000505c       0x38 modules/hal_nordic/modules/hal_nordic/nrfx/libmodules__hal_nordic__nrfx.a(nrfx_clock.c.obj)
 .text.clock_initial_lfclksrc_get
                0x0000000000005094        0x4 modules/hal_nordic/modules/hal_nordic/nrfx/libmodules__hal_nordic__nrfx.a(nrfx_clock.c.obj)
 .text.nrfx_power_clock_irq_init
                0x0000000000005098       0x12 modules/hal_nordic/modules/hal_nordic/nrfx/libmodules__hal_nordic__nrfx.a(nrfx_clock.c.obj)
 .text.clock_lfclksrc_tweak
                0x00000000000050aa       0x2c modules/hal_nordic/modules/hal_nordic/nrfx/libmodules__hal_nordic__nrfx.a(nrfx_clock.c.obj)
 .text.nrfx_clock_stop
                0x00000000000050d6        0x8 modules/hal_nordic/modules/hal_nordic/nrfx/libmodules__hal_nordic__nrfx.a(nrfx_clock.c.obj)
                0x00000000000050d6                nrfx_clock_stop
 .text.nrf_gpiote_event_configure
                0x00000000000050de       0x32 modules/hal_nordic/modules/hal_nordic/nrfx/libmodules__hal_nordic__nrfx.a(nrfx_gpiote.c.obj)
 .text.nrf_gpiote_task_configure
                0x0000000000005110       0x3e modules/hal_nordic/modules/hal_nordic/nrfx/libmodules__hal_nordic__nrfx.a(nrfx_gpiote.c.obj)
 .text.__nrfy_internal_gpiote_event_handle
                0x000000000000514e       0x3a modules/hal_nordic/modules/hal_nordic/nrfx/libmodules__hal_nordic__nrfx.a(nrfx_gpiote.c.obj)
 .text.__nrfy_internal_gpiote_events_process
                0x0000000000005188       0x3c modules/hal_nordic/modules/hal_nordic/nrfx/libmodules__hal_nordic__nrfx.a(nrfx_gpiote.c.obj)
 .text.nrf_gpio_reconfigure
                0x00000000000051c4       0x9e modules/hal_nordic/modules/hal_nordic/nrfx/libmodules__hal_nordic__nrfx.a(nrfx_gpiote.c.obj)
 .text.nrf_gpio_cfg_sense_set
                0x0000000000005262       0x20 modules/hal_nordic/modules/hal_nordic/nrfx/libmodules__hal_nordic__nrfx.a(nrfx_gpiote.c.obj)
 .text.get_pin_idx
                0x0000000000005282        0x4 modules/hal_nordic/modules/hal_nordic/nrfx/libmodules__hal_nordic__nrfx.a(nrfx_gpiote.c.obj)
 .text.pin_in_use
                0x0000000000005286       0x1e modules/hal_nordic/modules/hal_nordic/nrfx/libmodules__hal_nordic__nrfx.a(nrfx_gpiote.c.obj)
 .text.pin_in_use_by_te
                0x00000000000052a4       0x1e modules/hal_nordic/modules/hal_nordic/nrfx/libmodules__hal_nordic__nrfx.a(nrfx_gpiote.c.obj)
 .text.pin_has_trigger
                0x00000000000052c2       0x22 modules/hal_nordic/modules/hal_nordic/nrfx/libmodules__hal_nordic__nrfx.a(nrfx_gpiote.c.obj)
 .text.pin_is_output
                0x00000000000052e4       0x1e modules/hal_nordic/modules/hal_nordic/nrfx/libmodules__hal_nordic__nrfx.a(nrfx_gpiote.c.obj)
 .text.pin_is_task_output
                0x0000000000005302       0x22 modules/hal_nordic/modules/hal_nordic/nrfx/libmodules__hal_nordic__nrfx.a(nrfx_gpiote.c.obj)
 .text.pin_is_input
                0x0000000000005324        0xe modules/hal_nordic/modules/hal_nordic/nrfx/libmodules__hal_nordic__nrfx.a(nrfx_gpiote.c.obj)
 .text.gpiote_polarity_to_trigger
                0x0000000000005332        0x2 modules/hal_nordic/modules/hal_nordic/nrfx/libmodules__hal_nordic__nrfx.a(nrfx_gpiote.c.obj)
 .text.gpiote_trigger_to_polarity
                0x0000000000005334        0x2 modules/hal_nordic/modules/hal_nordic/nrfx/libmodules__hal_nordic__nrfx.a(nrfx_gpiote.c.obj)
 .text.pin_te_get
                0x0000000000005336       0x1c modules/hal_nordic/modules/hal_nordic/nrfx/libmodules__hal_nordic__nrfx.a(nrfx_gpiote.c.obj)
 .text.is_level
                0x0000000000005352        0xa modules/hal_nordic/modules/hal_nordic/nrfx/libmodules__hal_nordic__nrfx.a(nrfx_gpiote.c.obj)
 .text.handler_in_use
                0x000000000000535c       0x3a modules/hal_nordic/modules/hal_nordic/nrfx/libmodules__hal_nordic__nrfx.a(nrfx_gpiote.c.obj)
 .text.pin_trigger_disable
                0x0000000000005396       0x46 modules/hal_nordic/modules/hal_nordic/nrfx/libmodules__hal_nordic__nrfx.a(nrfx_gpiote.c.obj)
 .text.find_handler
                0x00000000000053dc       0x34 modules/hal_nordic/modules/hal_nordic/nrfx/libmodules__hal_nordic__nrfx.a(nrfx_gpiote.c.obj)
 .text.get_initial_sense
                0x0000000000005410       0x50 modules/hal_nordic/modules/hal_nordic/nrfx/libmodules__hal_nordic__nrfx.a(nrfx_gpiote.c.obj)
 .text.channel_handler_get
                0x0000000000005460       0x24 modules/hal_nordic/modules/hal_nordic/nrfx/libmodules__hal_nordic__nrfx.a(nrfx_gpiote.c.obj)
 .text.gpiote_global_callback_set
                0x0000000000005484       0x1a modules/hal_nordic/modules/hal_nordic/nrfx/libmodules__hal_nordic__nrfx.a(nrfx_gpiote.c.obj)
 .text.gpiote_init_check
                0x000000000000549e       0x14 modules/hal_nordic/modules/hal_nordic/nrfx/libmodules__hal_nordic__nrfx.a(nrfx_gpiote.c.obj)
 .text.pin_trigger_enable
                0x00000000000054b2       0x78 modules/hal_nordic/modules/hal_nordic/nrfx/libmodules__hal_nordic__nrfx.a(nrfx_gpiote.c.obj)
 .text.call_handler
                0x000000000000552a       0x26 modules/hal_nordic/modules/hal_nordic/nrfx/libmodules__hal_nordic__nrfx.a(nrfx_gpiote.c.obj)
 .text.next_sense_cond_call_handler
                0x0000000000005550       0x82 modules/hal_nordic/modules/hal_nordic/nrfx/libmodules__hal_nordic__nrfx.a(nrfx_gpiote.c.obj)
 .text.latch_pending_read_and_check
                0x00000000000055d2       0x50 modules/hal_nordic/modules/hal_nordic/nrfx/libmodules__hal_nordic__nrfx.a(nrfx_gpiote.c.obj)
 .text.pin_channel_alloc
                0x0000000000005622       0x14 modules/hal_nordic/modules/hal_nordic/nrfx/libmodules__hal_nordic__nrfx.a(nrfx_gpiote.c.obj)
 .text.release_handler
                0x0000000000005636       0x56 modules/hal_nordic/modules/hal_nordic/nrfx/libmodules__hal_nordic__nrfx.a(nrfx_gpiote.c.obj)
 .text.pin_handler_trigger_uninit
                0x000000000000568c       0x40 modules/hal_nordic/modules/hal_nordic/nrfx/libmodules__hal_nordic__nrfx.a(nrfx_gpiote.c.obj)
 .text.pin_channel_free
                0x00000000000056cc       0x14 modules/hal_nordic/modules/hal_nordic/nrfx/libmodules__hal_nordic__nrfx.a(nrfx_gpiote.c.obj)
 .text.nrfy_gpiote_int_init
                0x00000000000056e0       0x54 modules/hal_nordic/modules/hal_nordic/nrfx/libmodules__hal_nordic__nrfx.a(nrfx_gpiote.c.obj)
 .text.port_event_handle
                0x0000000000005734       0xb6 modules/hal_nordic/modules/hal_nordic/nrfx/libmodules__hal_nordic__nrfx.a(nrfx_gpiote.c.obj)
 .text.gpiote_evt_handle
                0x00000000000057ea       0x42 modules/hal_nordic/modules/hal_nordic/nrfx/libmodules__hal_nordic__nrfx.a(nrfx_gpiote.c.obj)
 .text.irq_handler
                0x000000000000582c       0x34 modules/hal_nordic/modules/hal_nordic/nrfx/libmodules__hal_nordic__nrfx.a(nrfx_gpiote.c.obj)
 .text.nrfx_gpiote_input_configure
                0x0000000000005860        0x8 modules/hal_nordic/modules/hal_nordic/nrfx/libmodules__hal_nordic__nrfx.a(nrfx_gpiote.c.obj)
                0x0000000000005860                nrfx_gpiote_input_configure
 .text.nrfx_gpiote_output_configure
                0x0000000000005868        0x8 modules/hal_nordic/modules/hal_nordic/nrfx/libmodules__hal_nordic__nrfx.a(nrfx_gpiote.c.obj)
                0x0000000000005868                nrfx_gpiote_output_configure
 .text.nrfx_gpiote_global_callback_set
                0x0000000000005870        0x8 modules/hal_nordic/modules/hal_nordic/nrfx/libmodules__hal_nordic__nrfx.a(nrfx_gpiote.c.obj)
                0x0000000000005870                nrfx_gpiote_global_callback_set
 .text.nrfx_gpiote_channel_get
                0x0000000000005878        0x8 modules/hal_nordic/modules/hal_nordic/nrfx/libmodules__hal_nordic__nrfx.a(nrfx_gpiote.c.obj)
                0x0000000000005878                nrfx_gpiote_channel_get
 .text.nrfx_gpiote_init
                0x0000000000005880        0x8 modules/hal_nordic/modules/hal_nordic/nrfx/libmodules__hal_nordic__nrfx.a(nrfx_gpiote.c.obj)
                0x0000000000005880                nrfx_gpiote_init
 .text.nrfx_gpiote_init_check
                0x0000000000005888        0x8 modules/hal_nordic/modules/hal_nordic/nrfx/libmodules__hal_nordic__nrfx.a(nrfx_gpiote.c.obj)
                0x0000000000005888                nrfx_gpiote_init_check
 .text.nrfx_gpiote_pin_uninit
                0x0000000000005890        0x8 modules/hal_nordic/modules/hal_nordic/nrfx/libmodules__hal_nordic__nrfx.a(nrfx_gpiote.c.obj)
                0x0000000000005890                nrfx_gpiote_pin_uninit
 .text.nrfx_gpiote_channel_free
                0x0000000000005898        0x8 modules/hal_nordic/modules/hal_nordic/nrfx/libmodules__hal_nordic__nrfx.a(nrfx_gpiote.c.obj)
                0x0000000000005898                nrfx_gpiote_channel_free
 .text.nrfx_gpiote_channel_alloc
                0x00000000000058a0        0x8 modules/hal_nordic/modules/hal_nordic/nrfx/libmodules__hal_nordic__nrfx.a(nrfx_gpiote.c.obj)
                0x00000000000058a0                nrfx_gpiote_channel_alloc
 .text.nrfx_gpiote_trigger_enable
                0x00000000000058a8        0x8 modules/hal_nordic/modules/hal_nordic/nrfx/libmodules__hal_nordic__nrfx.a(nrfx_gpiote.c.obj)
                0x00000000000058a8                nrfx_gpiote_trigger_enable
 .text.nrfx_gpiote_trigger_disable
                0x00000000000058b0        0x8 modules/hal_nordic/modules/hal_nordic/nrfx/libmodules__hal_nordic__nrfx.a(nrfx_gpiote.c.obj)
                0x00000000000058b0                nrfx_gpiote_trigger_disable
 .text.SEGGER_RTT_Init
                0x00000000000058b8        0x8 modules/segger/libmodules__segger.a(SEGGER_RTT.c.obj)
                0x00000000000058b8                SEGGER_RTT_Init
 .text.rtt_init
                0x00000000000058c0        0xa modules/segger/libmodules__segger.a(SEGGER_RTT_zephyr.c.obj)
 .text.z_impl_k_busy_wait
                0x00000000000058ca        0xc zephyr/kernel/libkernel.a(busy_wait.c.obj)
                0x00000000000058ca                z_impl_k_busy_wait
 .text.z_impl_device_is_ready
                0x00000000000058d6       0x20 zephyr/kernel/libkernel.a(device.c.obj)
                0x00000000000058d6                z_impl_device_is_ready
 .text.arch_system_halt
                0x00000000000058f6       0x10 zephyr/kernel/libkernel.a(fatal.c.obj)
                0x00000000000058f6                arch_system_halt
 .text.k_sys_fatal_error_handler
                0x0000000000005906        0x6 zephyr/kernel/libkernel.a(fatal.c.obj)
                0x0000000000005906                k_sys_fatal_error_handler
 .text.do_device_init
                0x000000000000590c       0x30 zephyr/kernel/libkernel.a(init.c.obj)
 .text.z_early_memset
                0x000000000000593c        0x8 zephyr/kernel/libkernel.a(init.c.obj)
                0x000000000000593c                z_early_memset
 .text.z_early_memcpy
                0x0000000000005944        0x8 zephyr/kernel/libkernel.a(init.c.obj)
                0x0000000000005944                z_early_memcpy
 .text.z_init_static
                0x000000000000594c        0x2 zephyr/kernel/libkernel.a(init_static.c.obj)
                0x000000000000594c                z_init_static
 .text.idle     0x000000000000594e       0x16 zephyr/kernel/libkernel.a(idle.c.obj)
                0x000000000000594e                idle
 .text.arch_spin_relax
                0x0000000000005964        0x4 zephyr/kernel/libkernel.a(idle.c.obj)
                0x0000000000005964                arch_spin_relax
 .text.setup_thread_stack
                0x0000000000005968       0x4c zephyr/kernel/libkernel.a(thread.c.obj)
 .text.k_is_in_isr
                0x00000000000059b4        0xc zephyr/kernel/libkernel.a(thread.c.obj)
                0x00000000000059b4                k_is_in_isr
 .text.z_init_thread_base
                0x00000000000059c0       0x16 zephyr/kernel/libkernel.a(thread.c.obj)
                0x00000000000059c0                z_init_thread_base
 .text.thread_active_elsewhere
                0x00000000000059d6        0x4 zephyr/kernel/libkernel.a(sched.c.obj)
 .text.add_to_waitq_locked
                0x00000000000059da       0x64 zephyr/kernel/libkernel.a(sched.c.obj)
 .text.z_abort_thread_timeout
                0x0000000000005a3e        0xa zephyr/kernel/libkernel.a(sched.c.obj)
 .text.unpend_all
                0x0000000000005a48       0x46 zephyr/kernel/libkernel.a(sched.c.obj)
 .text.pend_locked
                0x0000000000005a8e       0x18 zephyr/kernel/libkernel.a(sched.c.obj)
 .text.z_ready_thread
                0x0000000000005aa6       0x36 zephyr/kernel/libkernel.a(sched.c.obj)
                0x0000000000005aa6                z_ready_thread
 .text.z_sched_wake_thread
                0x0000000000005adc       0x5a zephyr/kernel/libkernel.a(sched.c.obj)
                0x0000000000005adc                z_sched_wake_thread
 .text.z_thread_timeout
                0x0000000000005b36        0xc zephyr/kernel/libkernel.a(sched.c.obj)
                0x0000000000005b36                z_thread_timeout
 .text.z_reschedule_unlocked
                0x0000000000005b42       0x16 zephyr/kernel/libkernel.a(sched.c.obj)
 .text.init_ready_q
                0x0000000000005b58        0x8 zephyr/kernel/libkernel.a(sched.c.obj)
                0x0000000000005b58                init_ready_q
 .text.z_impl_k_sleep
                0x0000000000005b60       0x54 zephyr/kernel/libkernel.a(sched.c.obj)
                0x0000000000005b60                z_impl_k_sleep
 .text.remove_timeout
                0x0000000000005bb4       0x2e zephyr/kernel/libkernel.a(timeout.c.obj)
 .text.next_timeout
                0x0000000000005be2       0x3a zephyr/kernel/libkernel.a(timeout.c.obj)
 .text.z_abort_timeout
                0x0000000000005c1c       0x50 zephyr/kernel/libkernel.a(timeout.c.obj)
                0x0000000000005c1c                z_abort_timeout
 .text.sys_clock_tick_get_32
                0x0000000000005c6c        0x8 zephyr/kernel/libkernel.a(timeout.c.obj)
                0x0000000000005c6c                sys_clock_tick_get_32
 .text.main     0x0000000000005c74        0x6 zephyr/kernel/libkernel.a(main_weak.c.obj)
                0x0000000000005c74                main
 .text.memcpy   0x0000000000005c7a       0x1c c:\ncs\toolchains\0b393f9e1b\opt\zephyr-sdk\arm-zephyr-eabi\bin\../lib/gcc/../../picolibc/arm-zephyr-eabi/lib/thumb/v7e-m/nofp\libc.a(memcpy.c.o)
                0x0000000000005c7a                __aeabi_memcpy
                0x0000000000005c7a                __aeabi_memcpy4
                0x0000000000005c7a                __aeabi_memcpy8
                0x0000000000005c7a                memcpy
 .text.memset   0x0000000000005c96       0x10 c:\ncs\toolchains\0b393f9e1b\opt\zephyr-sdk\arm-zephyr-eabi\bin\../lib/gcc/../../picolibc/arm-zephyr-eabi/lib/thumb/v7e-m/nofp\libc.a(memset.c.o)
                0x0000000000005c96                memset
 .text.strncpy  0x0000000000005ca6       0x20 c:\ncs\toolchains\0b393f9e1b\opt\zephyr-sdk\arm-zephyr-eabi\bin\../lib/gcc/../../picolibc/arm-zephyr-eabi/lib/thumb/v7e-m/nofp\libc.a(libc_string_strncpy.c.o)
                0x0000000000005ca6                strncpy
 .text.strnlen  0x0000000000005cc6       0x18 c:\ncs\toolchains\0b393f9e1b\opt\zephyr-sdk\arm-zephyr-eabi\bin\../lib/gcc/../../picolibc/arm-zephyr-eabi/lib/thumb/v7e-m/nofp\libc.a(libc_string_strnlen.c.o)
                0x0000000000005cc6                strnlen
 .text.__ultoa_invert
                0x0000000000005cde       0xae c:\ncs\toolchains\0b393f9e1b\opt\zephyr-sdk\arm-zephyr-eabi\bin\../lib/gcc/../../picolibc/arm-zephyr-eabi/lib/thumb/v7e-m/nofp\libc.a(libc_tinystdio_vflprintf.c.o)
 *(SORT_BY_ALIGNMENT(.TEXT.*))
 .TEXT.__aeabi_read_tp
                0x0000000000005d8c        0xc zephyr/arch/arch/arm/core/cortex_m/libarch__arm__core__cortex_m.a(__aeabi_read_tp.S.obj)
                0x0000000000005d8c                __aeabi_read_tp
 *(SORT_BY_ALIGNMENT(.gnu.linkonce.t.*))
 *(SORT_BY_ALIGNMENT(.glue_7t))
 .glue_7t       0x0000000000005d98        0x0 linker stubs
 *(SORT_BY_ALIGNMENT(.glue_7))
 .glue_7        0x0000000000005d98        0x0 linker stubs
 *(SORT_BY_ALIGNMENT(.vfp11_veneer))
 .vfp11_veneer  0x0000000000005d98        0x0 linker stubs
 *(SORT_BY_ALIGNMENT(.v4_bx))
 .v4_bx         0x0000000000005d98        0x0 linker stubs
                0x0000000000005d98                . = ALIGN (0x4)
                0x0000000000005d98                __text_region_end = .

.ARM.exidx      0x0000000000005d98        0x8
                0x0000000000005d98                __exidx_start = .
 *(SORT_BY_ALIGNMENT(.ARM.exidx*) SORT_BY_ALIGNMENT(gnu.linkonce.armexidx.*))
 .ARM.exidx     0x0000000000005d98        0x8 c:/ncs/toolchains/0b393f9e1b/opt/zephyr-sdk/arm-zephyr-eabi/bin/../lib/gcc/arm-zephyr-eabi/12.2.0/thumb/v7e-m/nofp\libgcc.a(_udivmoddi4.o)
                0x0000000000005da0                __exidx_end = .
                0x0000000000005da0                __rodata_region_start = .

initlevel       0x0000000000005da0       0x40
                0x0000000000005da0                __init_start = .
                0x0000000000005da0                __init_EARLY_start = .
 *(SORT_BY_NAME(SORT_BY_ALIGNMENT(.z_init_EARLY?_*)))
 *(SORT_BY_NAME(SORT_BY_ALIGNMENT(.z_init_EARLY??_*)))
                0x0000000000005da0                __init_PRE_KERNEL_1_start = .
 *(SORT_BY_NAME(SORT_BY_ALIGNMENT(.z_init_PRE_KERNEL_1?_*)))
 .z_init_PRE_KERNEL_10_0_
                0x0000000000005da0        0x8 zephyr/soc/soc/nrf52832/libsoc__nordic.a(soc.c.obj)
 *(SORT_BY_NAME(SORT_BY_ALIGNMENT(.z_init_PRE_KERNEL_1??_*)))
 .z_init_PRE_KERNEL_130_00060_
                0x0000000000005da8        0x8 zephyr/drivers/clock_control/libdrivers__clock_control.a(clock_control_nrf.c.obj)
 .z_init_PRE_KERNEL_130_0_
                0x0000000000005db0        0x8 modules/segger/libmodules__segger.a(SEGGER_RTT_zephyr.c.obj)
 .z_init_PRE_KERNEL_140_00011_
                0x0000000000005db8        0x8 zephyr/drivers/gpio/libdrivers__gpio.a(gpio_nrfx.c.obj)
 .z_init_PRE_KERNEL_150_00094_
                0x0000000000005dc0        0x8 zephyr/drivers/serial/libdrivers__serial.a(uart_nrfx_uarte.c.obj)
 .z_init_PRE_KERNEL_160_0_
                0x0000000000005dc8        0x8 zephyr/drivers/console/libdrivers__console.a(uart_console.c.obj)
                0x0000000000005dd0                __init_PRE_KERNEL_2_start = .
 *(SORT_BY_NAME(SORT_BY_ALIGNMENT(.z_init_PRE_KERNEL_2?_*)))
 .z_init_PRE_KERNEL_20_0_
                0x0000000000005dd0        0x8 zephyr/drivers/timer/libdrivers__timer.a(nrf_rtc_timer.c.obj)
 *(SORT_BY_NAME(SORT_BY_ALIGNMENT(.z_init_PRE_KERNEL_2??_*)))
                0x0000000000005dd8                __init_POST_KERNEL_start = .
 *(SORT_BY_NAME(SORT_BY_ALIGNMENT(.z_init_POST_KERNEL?_*)))
 *(SORT_BY_NAME(SORT_BY_ALIGNMENT(.z_init_POST_KERNEL??_*)))
 .z_init_POST_KERNEL35_0_
                0x0000000000005dd8        0x8 zephyr/lib/libc/common/liblib__libc__common.a(malloc.c.obj)
                0x0000000000005de0                __init_APPLICATION_start = .
 *(SORT_BY_NAME(SORT_BY_ALIGNMENT(.z_init_APPLICATION?_*)))
 *(SORT_BY_NAME(SORT_BY_ALIGNMENT(.z_init_APPLICATION??_*)))
                0x0000000000005de0                __init_SMP_start = .
 *(SORT_BY_NAME(SORT_BY_ALIGNMENT(.z_init_SMP?_*)))
 *(SORT_BY_NAME(SORT_BY_ALIGNMENT(.z_init_SMP??_*)))
                0x0000000000005de0                __init_end = .
                0x0000000000005de0                __deferred_init_list_start = .
 *(SORT_BY_ALIGNMENT(.z_deferred_init*))
                0x0000000000005de0                __deferred_init_list_end = .

device_area     0x0000000000005de0       0x3c
                0x0000000000005de0                _device_list_start = .
 *(SORT_BY_NAME(SORT_BY_ALIGNMENT(._device.static.*_?_*)))
 *(SORT_BY_NAME(SORT_BY_ALIGNMENT(._device.static.*_??_*)))
 ._device.static.1_30_
                0x0000000000005de0       0x14 zephyr/drivers/clock_control/libdrivers__clock_control.a(clock_control_nrf.c.obj)
                0x0000000000005de0                __device_dts_ord_60
 ._device.static.1_40_
                0x0000000000005df4       0x14 zephyr/drivers/gpio/libdrivers__gpio.a(gpio_nrfx.c.obj)
                0x0000000000005df4                __device_dts_ord_11
 ._device.static.1_50_
                0x0000000000005e08       0x14 zephyr/drivers/serial/libdrivers__serial.a(uart_nrfx_uarte.c.obj)
                0x0000000000005e08                __device_dts_ord_94
                0x0000000000005e1c                _device_list_end = .

sw_isr_table    0x0000000000005e1c      0x138
                0x0000000000005e1c                . = ALIGN (0x4)
 *(SORT_BY_ALIGNMENT(.gnu.linkonce.sw_isr_table*))
 .gnu.linkonce.sw_isr_table
                0x0000000000005e1c      0x138 zephyr/CMakeFiles/zephyr_final.dir/isr_tables.c.obj
                0x0000000000005e1c                _sw_isr_table

initlevel_error
                0x0000000000005da0        0x0
 *(SORT_BY_NAME(SORT_BY_ALIGNMENT(.z_init_[_A-Z0-9]*)))
                0x0000000000000001                ASSERT ((SIZEOF (initlevel_error) == 0x0), Undefined initialization levels used.)

app_shmem_regions
                0x0000000000005f54        0x0
                0x0000000000005f54                __app_shmem_regions_start = .
 *(SORT_BY_NAME(SORT_BY_ALIGNMENT(.app_regions.*)))
                0x0000000000005f54                __app_shmem_regions_end = .

k_p4wq_initparam_area
                0x0000000000005f54        0x0
                0x0000000000005f54                _k_p4wq_initparam_list_start = .
 *(SORT_BY_NAME(SORT_BY_ALIGNMENT(._k_p4wq_initparam.static.*)))
                0x0000000000005f54                _k_p4wq_initparam_list_end = .

_static_thread_data_area
                0x0000000000005f58       0x60
                0x0000000000005f58                __static_thread_data_list_start = .
 *(SORT_BY_NAME(SORT_BY_ALIGNMENT(.__static_thread_data.static.*)))
 .__static_thread_data.static._k_thread_data_thread0_id_
                0x0000000000005f58       0x30 app/libapp.a(main.c.obj)
                0x0000000000005f58                _k_thread_data_thread0_id
 .__static_thread_data.static._k_thread_data_thread1_id_
                0x0000000000005f88       0x30 app/libapp.a(main.c.obj)
                0x0000000000005f88                _k_thread_data_thread1_id
                0x0000000000005fb8                __static_thread_data_list_end = .

device_deps     0x0000000000005fb8        0x0
                0x0000000000005fb8                __device_deps_start = .
 *(SORT_BY_NAME(SORT_BY_ALIGNMENT(.__device_deps_pass2*)))
                0x0000000000005fb8                __device_deps_end = .

gpio_driver_api_area
                0x0000000000005fb8       0x24
                0x0000000000005fb8                _gpio_driver_api_list_start = .
 *(SORT_BY_NAME(SORT_BY_ALIGNMENT(._gpio_driver_api.static.*)))
 ._gpio_driver_api.static.gpio_nrfx_drv_api_funcs_
                0x0000000000005fb8       0x24 zephyr/drivers/gpio/libdrivers__gpio.a(gpio_nrfx.c.obj)
                0x0000000000005fdc                _gpio_driver_api_list_end = .

shared_irq_driver_api_area
                0x0000000000005fdc        0x0
                0x0000000000005fdc                _shared_irq_driver_api_list_start = .
 *(SORT_BY_NAME(SORT_BY_ALIGNMENT(._shared_irq_driver_api.static.*)))
                0x0000000000005fdc                _shared_irq_driver_api_list_end = .

crypto_driver_api_area
                0x0000000000005fdc        0x0
                0x0000000000005fdc                _crypto_driver_api_list_start = .
 *(SORT_BY_NAME(SORT_BY_ALIGNMENT(._crypto_driver_api.static.*)))
                0x0000000000005fdc                _crypto_driver_api_list_end = .

adc_driver_api_area
                0x0000000000005fdc        0x0
                0x0000000000005fdc                _adc_driver_api_list_start = .
 *(SORT_BY_NAME(SORT_BY_ALIGNMENT(._adc_driver_api.static.*)))
                0x0000000000005fdc                _adc_driver_api_list_end = .

auxdisplay_driver_api_area
                0x0000000000005fdc        0x0
                0x0000000000005fdc                _auxdisplay_driver_api_list_start = .
 *(SORT_BY_NAME(SORT_BY_ALIGNMENT(._auxdisplay_driver_api.static.*)))
                0x0000000000005fdc                _auxdisplay_driver_api_list_end = .

bbram_driver_api_area
                0x0000000000005fdc        0x0
                0x0000000000005fdc                _bbram_driver_api_list_start = .
 *(SORT_BY_NAME(SORT_BY_ALIGNMENT(._bbram_driver_api.static.*)))
                0x0000000000005fdc                _bbram_driver_api_list_end = .

bt_hci_driver_api_area
                0x0000000000005fdc        0x0
                0x0000000000005fdc                _bt_hci_driver_api_list_start = .
 *(SORT_BY_NAME(SORT_BY_ALIGNMENT(._bt_hci_driver_api.static.*)))
                0x0000000000005fdc                _bt_hci_driver_api_list_end = .

can_driver_api_area
                0x0000000000005fdc        0x0
                0x0000000000005fdc                _can_driver_api_list_start = .
 *(SORT_BY_NAME(SORT_BY_ALIGNMENT(._can_driver_api.static.*)))
                0x0000000000005fdc                _can_driver_api_list_end = .

cellular_driver_api_area
                0x0000000000005fdc        0x0
                0x0000000000005fdc                _cellular_driver_api_list_start = .
 *(SORT_BY_NAME(SORT_BY_ALIGNMENT(._cellular_driver_api.static.*)))
                0x0000000000005fdc                _cellular_driver_api_list_end = .

charger_driver_api_area
                0x0000000000005fdc        0x0
                0x0000000000005fdc                _charger_driver_api_list_start = .
 *(SORT_BY_NAME(SORT_BY_ALIGNMENT(._charger_driver_api.static.*)))
                0x0000000000005fdc                _charger_driver_api_list_end = .

clock_control_driver_api_area
                0x0000000000005fdc       0x1c
                0x0000000000005fdc                _clock_control_driver_api_list_start = .
 *(SORT_BY_NAME(SORT_BY_ALIGNMENT(._clock_control_driver_api.static.*)))
 ._clock_control_driver_api.static.clock_control_api_
                0x0000000000005fdc       0x1c zephyr/drivers/clock_control/libdrivers__clock_control.a(clock_control_nrf.c.obj)
                0x0000000000005ff8                _clock_control_driver_api_list_end = .

comparator_driver_api_area
                0x0000000000005ff8        0x0
                0x0000000000005ff8                _comparator_driver_api_list_start = .
 *(SORT_BY_NAME(SORT_BY_ALIGNMENT(._comparator_driver_api.static.*)))
                0x0000000000005ff8                _comparator_driver_api_list_end = .

coredump_driver_api_area
                0x0000000000005ff8        0x0
                0x0000000000005ff8                _coredump_driver_api_list_start = .
 *(SORT_BY_NAME(SORT_BY_ALIGNMENT(._coredump_driver_api.static.*)))
                0x0000000000005ff8                _coredump_driver_api_list_end = .

counter_driver_api_area
                0x0000000000005ff8        0x0
                0x0000000000005ff8                _counter_driver_api_list_start = .
 *(SORT_BY_NAME(SORT_BY_ALIGNMENT(._counter_driver_api.static.*)))
                0x0000000000005ff8                _counter_driver_api_list_end = .

dac_driver_api_area
                0x0000000000005ff8        0x0
                0x0000000000005ff8                _dac_driver_api_list_start = .
 *(SORT_BY_NAME(SORT_BY_ALIGNMENT(._dac_driver_api.static.*)))
                0x0000000000005ff8                _dac_driver_api_list_end = .

dai_driver_api_area
                0x0000000000005ff8        0x0
                0x0000000000005ff8                _dai_driver_api_list_start = .
 *(SORT_BY_NAME(SORT_BY_ALIGNMENT(._dai_driver_api.static.*)))
                0x0000000000005ff8                _dai_driver_api_list_end = .

display_driver_api_area
                0x0000000000005ff8        0x0
                0x0000000000005ff8                _display_driver_api_list_start = .
 *(SORT_BY_NAME(SORT_BY_ALIGNMENT(._display_driver_api.static.*)))
                0x0000000000005ff8                _display_driver_api_list_end = .

dma_driver_api_area
                0x0000000000005ff8        0x0
                0x0000000000005ff8                _dma_driver_api_list_start = .
 *(SORT_BY_NAME(SORT_BY_ALIGNMENT(._dma_driver_api.static.*)))
                0x0000000000005ff8                _dma_driver_api_list_end = .

edac_driver_api_area
                0x0000000000005ff8        0x0
                0x0000000000005ff8                _edac_driver_api_list_start = .
 *(SORT_BY_NAME(SORT_BY_ALIGNMENT(._edac_driver_api.static.*)))
                0x0000000000005ff8                _edac_driver_api_list_end = .

eeprom_driver_api_area
                0x0000000000005ff8        0x0
                0x0000000000005ff8                _eeprom_driver_api_list_start = .
 *(SORT_BY_NAME(SORT_BY_ALIGNMENT(._eeprom_driver_api.static.*)))
                0x0000000000005ff8                _eeprom_driver_api_list_end = .

emul_bbram_driver_api_area
                0x0000000000005ff8        0x0
                0x0000000000005ff8                _emul_bbram_driver_api_list_start = .
 *(SORT_BY_NAME(SORT_BY_ALIGNMENT(._emul_bbram_driver_api.static.*)))
                0x0000000000005ff8                _emul_bbram_driver_api_list_end = .

fuel_gauge_emul_driver_api_area
                0x0000000000005ff8        0x0
                0x0000000000005ff8                _fuel_gauge_emul_driver_api_list_start = .
 *(SORT_BY_NAME(SORT_BY_ALIGNMENT(._fuel_gauge_emul_driver_api.static.*)))
                0x0000000000005ff8                _fuel_gauge_emul_driver_api_list_end = .

emul_sensor_driver_api_area
                0x0000000000005ff8        0x0
                0x0000000000005ff8                _emul_sensor_driver_api_list_start = .
 *(SORT_BY_NAME(SORT_BY_ALIGNMENT(._emul_sensor_driver_api.static.*)))
                0x0000000000005ff8                _emul_sensor_driver_api_list_end = .

entropy_driver_api_area
                0x0000000000005ff8        0x0
                0x0000000000005ff8                _entropy_driver_api_list_start = .
 *(SORT_BY_NAME(SORT_BY_ALIGNMENT(._entropy_driver_api.static.*)))
                0x0000000000005ff8                _entropy_driver_api_list_end = .

espi_driver_api_area
                0x0000000000005ff8        0x0
                0x0000000000005ff8                _espi_driver_api_list_start = .
 *(SORT_BY_NAME(SORT_BY_ALIGNMENT(._espi_driver_api.static.*)))
                0x0000000000005ff8                _espi_driver_api_list_end = .

espi_saf_driver_api_area
                0x0000000000005ff8        0x0
                0x0000000000005ff8                _espi_saf_driver_api_list_start = .
 *(SORT_BY_NAME(SORT_BY_ALIGNMENT(._espi_saf_driver_api.static.*)))
                0x0000000000005ff8                _espi_saf_driver_api_list_end = .

flash_driver_api_area
                0x0000000000005ff8        0x0
                0x0000000000005ff8                _flash_driver_api_list_start = .
 *(SORT_BY_NAME(SORT_BY_ALIGNMENT(._flash_driver_api.static.*)))
                0x0000000000005ff8                _flash_driver_api_list_end = .

fpga_driver_api_area
                0x0000000000005ff8        0x0
                0x0000000000005ff8                _fpga_driver_api_list_start = .
 *(SORT_BY_NAME(SORT_BY_ALIGNMENT(._fpga_driver_api.static.*)))
                0x0000000000005ff8                _fpga_driver_api_list_end = .

fuel_gauge_driver_api_area
                0x0000000000005ff8        0x0
                0x0000000000005ff8                _fuel_gauge_driver_api_list_start = .
 *(SORT_BY_NAME(SORT_BY_ALIGNMENT(._fuel_gauge_driver_api.static.*)))
                0x0000000000005ff8                _fuel_gauge_driver_api_list_end = .

gnss_driver_api_area
                0x0000000000005ff8        0x0
                0x0000000000005ff8                _gnss_driver_api_list_start = .
 *(SORT_BY_NAME(SORT_BY_ALIGNMENT(._gnss_driver_api.static.*)))
                0x0000000000005ff8                _gnss_driver_api_list_end = .

haptics_driver_api_area
                0x0000000000005ff8        0x0
                0x0000000000005ff8                _haptics_driver_api_list_start = .
 *(SORT_BY_NAME(SORT_BY_ALIGNMENT(._haptics_driver_api.static.*)))
                0x0000000000005ff8                _haptics_driver_api_list_end = .

hwspinlock_driver_api_area
                0x0000000000005ff8        0x0
                0x0000000000005ff8                _hwspinlock_driver_api_list_start = .
 *(SORT_BY_NAME(SORT_BY_ALIGNMENT(._hwspinlock_driver_api.static.*)))
                0x0000000000005ff8                _hwspinlock_driver_api_list_end = .

i2c_driver_api_area
                0x0000000000005ff8        0x0
                0x0000000000005ff8                _i2c_driver_api_list_start = .
 *(SORT_BY_NAME(SORT_BY_ALIGNMENT(._i2c_driver_api.static.*)))
                0x0000000000005ff8                _i2c_driver_api_list_end = .

i2c_target_driver_api_area
                0x0000000000005ff8        0x0
                0x0000000000005ff8                _i2c_target_driver_api_list_start = .
 *(SORT_BY_NAME(SORT_BY_ALIGNMENT(._i2c_target_driver_api.static.*)))
                0x0000000000005ff8                _i2c_target_driver_api_list_end = .

i2s_driver_api_area
                0x0000000000005ff8        0x0
                0x0000000000005ff8                _i2s_driver_api_list_start = .
 *(SORT_BY_NAME(SORT_BY_ALIGNMENT(._i2s_driver_api.static.*)))
                0x0000000000005ff8                _i2s_driver_api_list_end = .

i3c_driver_api_area
                0x0000000000005ff8        0x0
                0x0000000000005ff8                _i3c_driver_api_list_start = .
 *(SORT_BY_NAME(SORT_BY_ALIGNMENT(._i3c_driver_api.static.*)))
                0x0000000000005ff8                _i3c_driver_api_list_end = .

ipm_driver_api_area
                0x0000000000005ff8        0x0
                0x0000000000005ff8                _ipm_driver_api_list_start = .
 *(SORT_BY_NAME(SORT_BY_ALIGNMENT(._ipm_driver_api.static.*)))
                0x0000000000005ff8                _ipm_driver_api_list_end = .

kscan_driver_api_area
                0x0000000000005ff8        0x0
                0x0000000000005ff8                _kscan_driver_api_list_start = .
 *(SORT_BY_NAME(SORT_BY_ALIGNMENT(._kscan_driver_api.static.*)))
                0x0000000000005ff8                _kscan_driver_api_list_end = .

led_driver_api_area
                0x0000000000005ff8        0x0
                0x0000000000005ff8                _led_driver_api_list_start = .
 *(SORT_BY_NAME(SORT_BY_ALIGNMENT(._led_driver_api.static.*)))
                0x0000000000005ff8                _led_driver_api_list_end = .

led_strip_driver_api_area
                0x0000000000005ff8        0x0
                0x0000000000005ff8                _led_strip_driver_api_list_start = .
 *(SORT_BY_NAME(SORT_BY_ALIGNMENT(._led_strip_driver_api.static.*)))
                0x0000000000005ff8                _led_strip_driver_api_list_end = .

lora_driver_api_area
                0x0000000000005ff8        0x0
                0x0000000000005ff8                _lora_driver_api_list_start = .
 *(SORT_BY_NAME(SORT_BY_ALIGNMENT(._lora_driver_api.static.*)))
                0x0000000000005ff8                _lora_driver_api_list_end = .

mbox_driver_api_area
                0x0000000000005ff8        0x0
                0x0000000000005ff8                _mbox_driver_api_list_start = .
 *(SORT_BY_NAME(SORT_BY_ALIGNMENT(._mbox_driver_api.static.*)))
                0x0000000000005ff8                _mbox_driver_api_list_end = .

mdio_driver_api_area
                0x0000000000005ff8        0x0
                0x0000000000005ff8                _mdio_driver_api_list_start = .
 *(SORT_BY_NAME(SORT_BY_ALIGNMENT(._mdio_driver_api.static.*)))
                0x0000000000005ff8                _mdio_driver_api_list_end = .

mipi_dbi_driver_api_area
                0x0000000000005ff8        0x0
                0x0000000000005ff8                _mipi_dbi_driver_api_list_start = .
 *(SORT_BY_NAME(SORT_BY_ALIGNMENT(._mipi_dbi_driver_api.static.*)))
                0x0000000000005ff8                _mipi_dbi_driver_api_list_end = .

mipi_dsi_driver_api_area
                0x0000000000005ff8        0x0
                0x0000000000005ff8                _mipi_dsi_driver_api_list_start = .
 *(SORT_BY_NAME(SORT_BY_ALIGNMENT(._mipi_dsi_driver_api.static.*)))
                0x0000000000005ff8                _mipi_dsi_driver_api_list_end = .

mspi_driver_api_area
                0x0000000000005ff8        0x0
                0x0000000000005ff8                _mspi_driver_api_list_start = .
 *(SORT_BY_NAME(SORT_BY_ALIGNMENT(._mspi_driver_api.static.*)))
                0x0000000000005ff8                _mspi_driver_api_list_end = .

peci_driver_api_area
                0x0000000000005ff8        0x0
                0x0000000000005ff8                _peci_driver_api_list_start = .
 *(SORT_BY_NAME(SORT_BY_ALIGNMENT(._peci_driver_api.static.*)))
                0x0000000000005ff8                _peci_driver_api_list_end = .

ps2_driver_api_area
                0x0000000000005ff8        0x0
                0x0000000000005ff8                _ps2_driver_api_list_start = .
 *(SORT_BY_NAME(SORT_BY_ALIGNMENT(._ps2_driver_api.static.*)))
                0x0000000000005ff8                _ps2_driver_api_list_end = .

ptp_clock_driver_api_area
                0x0000000000005ff8        0x0
                0x0000000000005ff8                _ptp_clock_driver_api_list_start = .
 *(SORT_BY_NAME(SORT_BY_ALIGNMENT(._ptp_clock_driver_api.static.*)))
                0x0000000000005ff8                _ptp_clock_driver_api_list_end = .

pwm_driver_api_area
                0x0000000000005ff8        0x0
                0x0000000000005ff8                _pwm_driver_api_list_start = .
 *(SORT_BY_NAME(SORT_BY_ALIGNMENT(._pwm_driver_api.static.*)))
                0x0000000000005ff8                _pwm_driver_api_list_end = .

regulator_parent_driver_api_area
                0x0000000000005ff8        0x0
                0x0000000000005ff8                _regulator_parent_driver_api_list_start = .
 *(SORT_BY_NAME(SORT_BY_ALIGNMENT(._regulator_parent_driver_api.static.*)))
                0x0000000000005ff8                _regulator_parent_driver_api_list_end = .

regulator_driver_api_area
                0x0000000000005ff8        0x0
                0x0000000000005ff8                _regulator_driver_api_list_start = .
 *(SORT_BY_NAME(SORT_BY_ALIGNMENT(._regulator_driver_api.static.*)))
                0x0000000000005ff8                _regulator_driver_api_list_end = .

reset_driver_api_area
                0x0000000000005ff8        0x0
                0x0000000000005ff8                _reset_driver_api_list_start = .
 *(SORT_BY_NAME(SORT_BY_ALIGNMENT(._reset_driver_api.static.*)))
                0x0000000000005ff8                _reset_driver_api_list_end = .

retained_mem_driver_api_area
                0x0000000000005ff8        0x0
                0x0000000000005ff8                _retained_mem_driver_api_list_start = .
 *(SORT_BY_NAME(SORT_BY_ALIGNMENT(._retained_mem_driver_api.static.*)))
                0x0000000000005ff8                _retained_mem_driver_api_list_end = .

rtc_driver_api_area
                0x0000000000005ff8        0x0
                0x0000000000005ff8                _rtc_driver_api_list_start = .
 *(SORT_BY_NAME(SORT_BY_ALIGNMENT(._rtc_driver_api.static.*)))
                0x0000000000005ff8                _rtc_driver_api_list_end = .

sdhc_driver_api_area
                0x0000000000005ff8        0x0
                0x0000000000005ff8                _sdhc_driver_api_list_start = .
 *(SORT_BY_NAME(SORT_BY_ALIGNMENT(._sdhc_driver_api.static.*)))
                0x0000000000005ff8                _sdhc_driver_api_list_end = .

sensor_driver_api_area
                0x0000000000005ff8        0x0
                0x0000000000005ff8                _sensor_driver_api_list_start = .
 *(SORT_BY_NAME(SORT_BY_ALIGNMENT(._sensor_driver_api.static.*)))
                0x0000000000005ff8                _sensor_driver_api_list_end = .

smbus_driver_api_area
                0x0000000000005ff8        0x0
                0x0000000000005ff8                _smbus_driver_api_list_start = .
 *(SORT_BY_NAME(SORT_BY_ALIGNMENT(._smbus_driver_api.static.*)))
                0x0000000000005ff8                _smbus_driver_api_list_end = .

spi_driver_api_area
                0x0000000000005ff8        0x0
                0x0000000000005ff8                _spi_driver_api_list_start = .
 *(SORT_BY_NAME(SORT_BY_ALIGNMENT(._spi_driver_api.static.*)))
                0x0000000000005ff8                _spi_driver_api_list_end = .

stepper_driver_api_area
                0x0000000000005ff8        0x0
                0x0000000000005ff8                _stepper_driver_api_list_start = .
 *(SORT_BY_NAME(SORT_BY_ALIGNMENT(._stepper_driver_api.static.*)))
                0x0000000000005ff8                _stepper_driver_api_list_end = .

syscon_driver_api_area
                0x0000000000005ff8        0x0
                0x0000000000005ff8                _syscon_driver_api_list_start = .
 *(SORT_BY_NAME(SORT_BY_ALIGNMENT(._syscon_driver_api.static.*)))
                0x0000000000005ff8                _syscon_driver_api_list_end = .

tee_driver_api_area
                0x0000000000005ff8        0x0
                0x0000000000005ff8                _tee_driver_api_list_start = .
 *(SORT_BY_NAME(SORT_BY_ALIGNMENT(._tee_driver_api.static.*)))
                0x0000000000005ff8                _tee_driver_api_list_end = .

video_driver_api_area
                0x0000000000005ff8        0x0
                0x0000000000005ff8                _video_driver_api_list_start = .
 *(SORT_BY_NAME(SORT_BY_ALIGNMENT(._video_driver_api.static.*)))
                0x0000000000005ff8                _video_driver_api_list_end = .

w1_driver_api_area
                0x0000000000005ff8        0x0
                0x0000000000005ff8                _w1_driver_api_list_start = .
 *(SORT_BY_NAME(SORT_BY_ALIGNMENT(._w1_driver_api.static.*)))
                0x0000000000005ff8                _w1_driver_api_list_end = .

wdt_driver_api_area
                0x0000000000005ff8        0x0
                0x0000000000005ff8                _wdt_driver_api_list_start = .
 *(SORT_BY_NAME(SORT_BY_ALIGNMENT(._wdt_driver_api.static.*)))
                0x0000000000005ff8                _wdt_driver_api_list_end = .

can_transceiver_driver_api_area
                0x0000000000005ff8        0x0
                0x0000000000005ff8                _can_transceiver_driver_api_list_start = .
 *(SORT_BY_NAME(SORT_BY_ALIGNMENT(._can_transceiver_driver_api.static.*)))
                0x0000000000005ff8                _can_transceiver_driver_api_list_end = .

nrf_clock_control_driver_api_area
                0x0000000000005ff8        0x0
                0x0000000000005ff8                _nrf_clock_control_driver_api_list_start = .
 *(SORT_BY_NAME(SORT_BY_ALIGNMENT(._nrf_clock_control_driver_api.static.*)))
                0x0000000000005ff8                _nrf_clock_control_driver_api_list_end = .

i3c_target_driver_api_area
                0x0000000000005ff8        0x0
                0x0000000000005ff8                _i3c_target_driver_api_list_start = .
 *(SORT_BY_NAME(SORT_BY_ALIGNMENT(._i3c_target_driver_api.static.*)))
                0x0000000000005ff8                _i3c_target_driver_api_list_end = .

its_driver_api_area
                0x0000000000005ff8        0x0
                0x0000000000005ff8                _its_driver_api_list_start = .
 *(SORT_BY_NAME(SORT_BY_ALIGNMENT(._its_driver_api.static.*)))